Component: ARM Compiler 5.06 update 5 (build 528) Tool: armlink [4d35e2]

==============================================================================

Section Cross References

    startup_stm32f103xb.o(RESET) refers to startup_stm32f103xb.o(STACK) for __initial_sp
    startup_stm32f103xb.o(RESET) refers to startup_stm32f103xb.o(.text) for Reset_Handler
    startup_stm32f103xb.o(RESET) refers to stm32f1xx_it.o(i.NMI_Handler) for NMI_Handler
    startup_stm32f103xb.o(RESET) refers to stm32f1xx_it.o(i.HardFault_Handler) for HardFault_Handler
    startup_stm32f103xb.o(RESET) refers to stm32f1xx_it.o(i.MemManage_Handler) for MemManage_Handler
    startup_stm32f103xb.o(RESET) refers to stm32f1xx_it.o(i.BusFault_Handler) for BusFault_Handler
    startup_stm32f103xb.o(RESET) refers to stm32f1xx_it.o(i.UsageFault_Handler) for UsageFault_Handler
    startup_stm32f103xb.o(RESET) refers to port.o(.emb_text) for SVC_Handler
    startup_stm32f103xb.o(RESET) refers to stm32f1xx_it.o(i.DebugMon_Handler) for DebugMon_Handler
    startup_stm32f103xb.o(RESET) refers to stm32f1xx_it.o(i.SysTick_Handler) for SysTick_Handler
    startup_stm32f103xb.o(RESET) refers to stm32f1xx_it.o(i.DMA1_Channel1_IRQHandler) for DMA1_Channel1_IRQHandler
    startup_stm32f103xb.o(RESET) refers to stm32f1xx_it.o(i.DMA1_Channel4_IRQHandler) for DMA1_Channel4_IRQHandler
    startup_stm32f103xb.o(RESET) refers to stm32f1xx_it.o(i.DMA1_Channel5_IRQHandler) for DMA1_Channel5_IRQHandler
    startup_stm32f103xb.o(RESET) refers to stm32f1xx_it.o(i.DMA1_Channel6_IRQHandler) for DMA1_Channel6_IRQHandler
    startup_stm32f103xb.o(RESET) refers to stm32f1xx_it.o(i.DMA1_Channel7_IRQHandler) for DMA1_Channel7_IRQHandler
    startup_stm32f103xb.o(RESET) refers to stm32f1xx_it.o(i.TIM1_UP_IRQHandler) for TIM1_UP_IRQHandler
    startup_stm32f103xb.o(RESET) refers to stm32f1xx_it.o(i.USART1_IRQHandler) for USART1_IRQHandler
    startup_stm32f103xb.o(RESET) refers to stm32f1xx_it.o(i.USART2_IRQHandler) for USART2_IRQHandler
    startup_stm32f103xb.o(.text) refers to system_stm32f1xx.o(i.SystemInit) for SystemInit
    startup_stm32f103xb.o(.text) refers to entry.o(.ARM.Collect$$$$00000000) for __main
    mpu6500.o(i.Filter_One) refers to fadd.o(.text) for __aeabi_fsub
    mpu6500.o(i.Filter_One) refers to fmul.o(.text) for __aeabi_fmul
    mpu6500.o(i.MPU6500_Get_Raw_Data) refers to stm32f1xx_hal_gpio.o(i.HAL_GPIO_WritePin) for HAL_GPIO_WritePin
    mpu6500.o(i.MPU6500_Get_Raw_Data) refers to spi.o(i.SPI1_ReadWrite_Byte) for SPI1_ReadWrite_Byte
    mpu6500.o(i.MPU6500_Get_Raw_Data) refers to spi.o(i.SPI1_ReadWrite_nByte) for SPI1_ReadWrite_nByte
    mpu6500.o(i.MPU6500_Gyro_Cal_Update) refers to ldiv.o(.text) for __aeabi_ldivmod
    mpu6500.o(i.MPU6500_Gyro_Cal_Update) refers to mpu6500.o(.data) for .data
    mpu6500.o(i.MPU6500_Gyro_Cal_Update) refers to mpu6500.o(.bss) for .bss
    mpu6500.o(i.MPU6500_Init) refers to mpu6500.o(i.MPU6500_Read_Byte_SPI) for MPU6500_Read_Byte_SPI
    mpu6500.o(i.MPU6500_Init) refers to mpu6500.o(i.MPU6500_Write_Byte_SPI) for MPU6500_Write_Byte_SPI
    mpu6500.o(i.MPU6500_Init) refers to stm32f1xx_hal.o(i.HAL_Delay) for HAL_Delay
    mpu6500.o(i.MPU6500_Read_Byte_SPI) refers to stm32f1xx_hal_gpio.o(i.HAL_GPIO_WritePin) for HAL_GPIO_WritePin
    mpu6500.o(i.MPU6500_Read_Byte_SPI) refers to spi.o(i.SPI1_ReadWrite_Byte) for SPI1_ReadWrite_Byte
    mpu6500.o(i.MPU6500_Write_Byte_SPI) refers to stm32f1xx_hal_gpio.o(i.HAL_GPIO_WritePin) for HAL_GPIO_WritePin
    mpu6500.o(i.MPU6500_Write_Byte_SPI) refers to spi.o(i.SPI1_ReadWrite_Byte) for SPI1_ReadWrite_Byte
    mpu6500.o(i.Sensors_Acc_Gyro_Update) refers to mpu6500.o(i.MPU6500_Get_Raw_Data) for MPU6500_Get_Raw_Data
    mpu6500.o(i.Sensors_Acc_Gyro_Update) refers to mpu6500.o(i.MPU6500_Gyro_Cal_Update) for MPU6500_Gyro_Cal_Update
    mpu6500.o(i.Sensors_Acc_Gyro_Update) refers to fflti.o(.text) for __aeabi_i2f
    mpu6500.o(i.Sensors_Acc_Gyro_Update) refers to fscalb.o(.text) for __ARM_scalbnf
    mpu6500.o(i.Sensors_Acc_Gyro_Update) refers to mpu6500.o(i.Filter_One) for Filter_One
    mpu6500.o(i.Sensors_Acc_Gyro_Update) refers to fdiv.o(.text) for __aeabi_fdiv
    mpu6500.o(i.Sensors_Acc_Gyro_Update) refers to mpu6500.o(.bss) for .bss
    mpu6500.o(i.Sensors_Acc_Gyro_Update_2) refers to tim.o(i.Start_timing) for Start_timing
    mpu6500.o(i.Sensors_Acc_Gyro_Update_2) refers to mpu6500.o(i.Sensors_Acc_Gyro_Update) for Sensors_Acc_Gyro_Update
    mpu6500.o(i.Sensors_Acc_Gyro_Update_2) refers to tim.o(i.Stop_timing) for Stop_timing
    mpu6500.o(i.Sensors_Acc_Gyro_Update_2) refers to tim.o(.bss) for htim2
    mpu6500.o(i.Sensors_Acc_Gyro_Update_2) refers to mpu6500.o(.bss) for .bss
    imu.o(i.IMUupdate) refers to fmul.o(.text) for __aeabi_fmul
    imu.o(i.IMUupdate) refers to fadd.o(.text) for __aeabi_fadd
    imu.o(i.IMUupdate) refers to imu.o(i.invSqrt) for invSqrt
    imu.o(i.IMUupdate) refers to fscalb.o(.text) for __ARM_scalbnf
[...]
    i.HAL_UART_Init                          0x08002694   Section        0  stm32f1xx_hal_uart.o(i.HAL_UART_Init)
    i.HAL_UART_MspInit                       0x080026f8   Section        0  usart.o(i.HAL_UART_MspInit)
    i.HAL_UART_Receive_DMA                   0x08002884   Section        0  stm32f1xx_hal_uart.o(i.HAL_UART_Receive_DMA)
    i.HAL_UART_RxCpltCallback                0x0800291c   Section        0  stm32f1xx_hal_uart.o(i.HAL_UART_RxCpltCallback)
    i.HAL_UART_RxHalfCpltCallback            0x0800291e   Section        0  stm32f1xx_hal_uart.o(i.HAL_UART_RxHalfCpltCallback)
    i.HAL_UART_Transmit_DMA                  0x08002920   Section        0  stm32f1xx_hal_uart.o(i.HAL_UART_Transmit_DMA)
    i.HAL_UART_TxCpltCallback                0x080029a0   Section        0  stm32f1xx_hal_uart.o(i.HAL_UART_TxCpltCallback)
    i.HAL_UART_TxHalfCpltCallback            0x080029a2   Section        0  stm32f1xx_hal_uart.o(i.HAL_UART_TxHalfCpltCallback)
    i.HardFault_Handler                      0x080029a4   Section        0  stm32f1xx_it.o(i.HardFault_Handler)
    i.IMUupdate                              0x080029a8   Section        0  imu.o(i.IMUupdate)
    i.IMUupdate_2                            0x08002dcc   Section        0  imu.o(i.IMUupdate_2)
    i.MPU6500_Get_Raw_Data                   0x08002e04   Section        0  mpu6500.o(i.MPU6500_Get_Raw_Data)
    i.MPU6500_Gyro_Cal_Update                0x08002e7c   Section        0  mpu6500.o(i.MPU6500_Gyro_Cal_Update)
    i.MPU6500_Init                           0x08002fd8   Section        0  mpu6500.o(i.MPU6500_Init)
    i.MPU6500_Read_Byte_SPI                  0x0800306c   Section        0  mpu6500.o(i.MPU6500_Read_Byte_SPI)
    i.MPU6500_Write_Byte_SPI                 0x080030a4   Section        0  mpu6500.o(i.MPU6500_Write_Byte_SPI)
    i.MX_ADC1_Init                           0x080030dc   Section        0  adc.o(i.MX_ADC1_Init)
    i.MX_DMA_Init                            0x08003140   Section        0  dma.o(i.MX_DMA_Init)
    i.MX_FREERTOS_Init                       0x080031ac   Section        0  freertos.o(i.MX_FREERTOS_Init)
    i.MX_GPIO_Init                           0x08003264   Section        0  gpio.o(i.MX_GPIO_Init)
    i.MX_SPI1_Init                           0x080032cc   Section        0  spi.o(i.MX_SPI1_Init)
    i.MX_TIM2_Init                           0x0800332c   Section        0  tim.o(i.MX_TIM2_Init)
    i.MX_TIM3_Init                           0x080033a8   Section        0  tim.o(i.MX_TIM3_Init)
    i.MX_TIM4_Init                           0x0800346c   Section        0  tim.o(i.MX_TIM4_Init)
    i.MX_USART1_UART_Init                    0x080034e8   Section        0  usart.o(i.MX_USART1_UART_Init)
    i.MX_USART2_UART_Init                    0x08003538   Section        0  usart.o(i.MX_USART2_UART_Init)
    i.MemManage_Handler                      0x08003588   Section        0  stm32f1xx_it.o(i.MemManage_Handler)
    i.NMI_Handler                            0x0800358a   Section        0  stm32f1xx_it.o(i.NMI_Handler)
    i.NVIC_SetPriority                       0x0800358c   Section        0  stm32f1xx_hal_cortex.o(i.NVIC_SetPriority)
    NVIC_SetPriority                         0x0800358d   Thumb Code    32  stm32f1xx_hal_cortex.o(i.NVIC_SetPriority)
    i.Remote_Data                            0x080035ac   Section        0  rf.o(i.Remote_Data)
    i.SPI1_ReadWrite_Byte                    0x08003610   Section        0  spi.o(i.SPI1_ReadWrite_Byte)
    i.SPI1_ReadWrite_nByte                   0x08003630   Section        0  spi.o(i.SPI1_ReadWrite_nByte)
    i.SPI_CheckFlag_BSY                      0x08003668   Section        0  stm32f1xx_hal_spi.o(i.SPI_CheckFlag_BSY)
    SPI_CheckFlag_BSY                        0x08003669   Thumb Code    32  stm32f1xx_hal_spi.o(i.SPI_CheckFlag_BSY)
    i.SPI_WaitFlagStateUntilTimeout          0x08003688   Section        0  stm32f1xx_hal_spi.o(i.SPI_WaitFlagStateUntilTimeout)
    SPI_WaitFlagStateUntilTimeout            0x08003689   Thumb Code   150  stm32f1xx_hal_spi.o(i.SPI_WaitFlagStateUntilTimeout)
    i.Sensors_Acc_Gyro_Update                0x08003720   Section        0  mpu6500.o(i.Sensors_Acc_Gyro_Update)
    i.Sensors_Acc_Gyro_Update_2              0x080037f8   Section        0  mpu6500.o(i.Sensors_Acc_Gyro_Update_2)
    i.StartDefaultTask                       0x08003818   Section        0  freertos.o(i.StartDefaultTask)
    i.Start_timing                           0x08003820   Section        0  tim.o(i.Start_timing)
    i.Stop_timing                            0x08003828   Section        0  tim.o(i.Stop_timing)
    i.SysTick_Handler                        0x08003844   Section        0  stm32f1xx_it.o(i.SysTick_Handler)
    i.SystemClock_Config                     0x08003848   Section        0  main.o(i.SystemClock_Config)
    i.SystemInit                             0x080038c4   Section        0  system_stm32f1xx.o(i.SystemInit)
    i.TIM1_UP_IRQHandler                     0x0800390c   Section        0  stm32f1xx_it.o(i.TIM1_UP_IRQHandler)
    i.TIM_Base_SetConfig                     0x08003918   Section        0  stm32f1xx_hal_tim.o(i.TIM_Base_SetConfig)
    i.TIM_ETR_SetConfig                      0x08003984   Section        0  stm32f1xx_hal_tim.o(i.TIM_ETR_SetConfig)
    TIM_ETR_SetConfig                        0x08003985   Thumb Code    20  stm32f1xx_hal_tim.o(i.TIM_ETR_SetConfig)
    i.TIM_ITRx_SetConfig                     0x08003998   Section        0  stm32f1xx_hal_tim.o(i.TIM_ITRx_SetConfig)
    TIM_ITRx_SetConfig                       0x08003999   Thumb Code    16  stm32f1xx_hal_tim.o(i.TIM_ITRx_SetConfig)
    i.TIM_OC1_SetConfig                      0x080039a8   Section        0  stm32f1xx_hal_tim.o(i.TIM_OC1_SetConfig)
    TIM_OC1_SetConfig                        0x080039a9   Thumb Code    74  stm32f1xx_hal_tim.o(i.TIM_OC1_SetConfig)
    i.TIM_OC2_SetConfig                      0x080039f8   Section        0  stm32f1xx_hal_tim.o(i.TIM_OC2_SetConfig)
    i.TIM_OC3_SetConfig                      0x08003a50   Section        0  stm32f1xx_hal_tim.o(i.TIM_OC3_SetConfig)
    TIM_OC3_SetConfig                        0x08003a51   Thumb Code    82  stm32f1xx_hal_tim.o(i.TIM_OC3_SetConfig)
    i.TIM_OC4_SetConfig                      0x08003aa8   Section        0  stm32f1xx_hal_tim.o(i.TIM_OC4_SetConfig)
    TIM_OC4_SetConfig                        0x08003aa9   Thumb Code    64  stm32f1xx_hal_tim.o(i.TIM_OC4_SetConfig)
    i.TIM_TI1_ConfigInputStage               0x08003aec   Section        0  stm32f1xx_hal_tim.o(i.TIM_TI1_ConfigInputStage)
    TIM_TI1_ConfigInputStage                 0x08003aed   Thumb Code    34  stm32f1xx_hal_tim.o(i.TIM_TI1_ConfigInputStage)
    i.TIM_TI2_ConfigInputStage               0x08003b0e   Section        0  stm32f1xx_hal_tim.o(i.TIM_TI2_ConfigInputStage)
    TIM_TI2_ConfigInputStage                 0x08003b0f   Thumb Code    36  stm32f1xx_hal_tim.o(i.TIM_TI2_ConfigInputStage)
    i.UART_DMAAbortOnError                   0x08003b32   Section        0  stm32f1xx_hal_uart.o(i.UART_DMAAbortOnError)
    UART_DMAAbortOnError                     0x08003b33   Thumb Code    16  stm32f1xx_hal_uart.o(i.UART_DMAAbortOnError)
    i.UART_DMAError                          0x08003b42   Section        0  stm32f1xx_hal_uart.o(i.UART_DMAError)
    UART_DMAError                            0x08003b43   Thumb Code    74  stm32f1xx_hal_uart.o(i.UART_DMAError)
    i.UART_DMAReceiveCplt                    0x08003b8c   Section        0  stm32f1xx_hal_uart.o(i.UART_DMAReceiveCplt)
    UART_DMAReceiveCplt                      0x08003b8d   Thumb Code    60  stm32f1xx_hal_uart.o(i.UART_DMAReceiveCplt)
    i.UART_DMARxHalfCplt                     0x08003bc8   Section        0  stm32f1xx_hal_uart.o(i.UART_DMARxHalfCplt)
    UART_DMARxHalfCplt                       0x08003bc9   Thumb Code    10  stm32f1xx_hal_uart.o(i.UART_DMARxHalfCplt)
    i.UART_DMATransmitCplt                   0x08003bd2   Section        0  stm32f1xx_hal_uart.o(i.UART_DMATransmitCplt)
    UART_DMATransmitCplt                     0x08003bd3   Thumb Code    46  stm32f1xx_hal_uart.o(i.UART_DMATransmitCplt)
    i.UART_DMATxHalfCplt                     0x08003c00   Section        0  stm32f1xx_hal_uart.o(i.UART_DMATxHalfCplt)
    UART_DMATxHalfCplt                       0x08003c01   Thumb Code    10  stm32f1xx_hal_uart.o(i.UART_DMATxHalfCplt)
    i.UART_EndRxTransfer                     0x08003c0a   Section        0  stm32f1xx_hal_uart.o(i.UART_EndRxTransfer)
    UART_EndRxTransfer                       0x08003c0b   Thumb Code    28  stm32f1xx_hal_uart.o(i.UART_EndRxTransfer)
    i.UART_EndTxTransfer                     0x08003c26   Section        0  stm32f1xx_hal_uart.o(i.UART_EndTxTransfer)
    UART_EndTxTransfer                       0x08003c27   Thumb Code    18  stm32f1xx_hal_uart.o(i.UART_EndTxTransfer)
    i.UART_Receive_IT                        0x08003c38   Section        0  stm32f1xx_hal_uart.o(i.UART_Receive_IT)
    UART_Receive_IT                          0x08003c39   Thumb Code   150  stm32f1xx_hal_uart.o(i.UART_Receive_IT)
    i.UART_SetConfig                         0x08003cd0   Section        0  stm32f1xx_hal_uart.o(i.UART_SetConfig)
    UART_SetConfig                           0x08003cd1   Thumb Code   364  stm32f1xx_hal_uart.o(i.UART_SetConfig)
    i.UART_Transmit_IT                       0x08003e40   Section        0  stm32f1xx_hal_uart.o(i.UART_Transmit_IT)
    UART_Transmit_IT                         0x08003e41   Thumb Code    98  stm32f1xx_hal_uart.o(i.UART_Transmit_IT)
    i.UARTx_Receive_IDLE                     0x08003ea2   Section        0  usart.o(i.UARTx_Receive_IDLE)
    i.USART1_IRQHandler                      0x08003ee8   Section        0  stm32f1xx_it.o(i.USART1_IRQHandler)
    i.USART2_IRQHandler                      0x08003ef4   Section        0  stm32f1xx_it.o(i.USART2_IRQHandler)
    i.USART2_Init                            0x08003f3c   Section        0  usart.o(i.USART2_Init)
    i.USART_Rx_Decode                        0x08003f6c   Section        0  usart.o(i.USART_Rx_Decode)
    i.USARTx_DMA_SendData                    0x08003fa4   Section        0  usart.o(i.USARTx_DMA_SendData)
    i.USARTx_DMA_Send_TC                     0x08003fdc   Section        0  usart.o(i.USARTx_DMA_Send_TC)
    i.UsageFault_Handler                     0x08003ffc   Section        0  stm32f1xx_it.o(i.UsageFault_Handler)
    i._Error_Handler                         0x08003ffe   Section        0  main.o(i._Error_Handler)
    i.__ARM_fpclassifyf                      0x08004000   Section        0  fpclassifyf.o(i.__ARM_fpclassifyf)
    i.__mathlib_flt_infnan                   0x08004026   Section        0  funder.o(i.__mathlib_flt_infnan)
    i.__mathlib_flt_infnan2                  0x0800402c   Section        0  funder.o(i.__mathlib_flt_infnan2)
    i.__mathlib_flt_invalid                  0x08004030   Section        0  funder.o(i.__mathlib_flt_invalid)
    i.__mathlib_flt_underflow                0x08004038   Section        0  funder.o(i.__mathlib_flt_underflow)
    i.__scatterload_copy                     0x08004042   Section       14  handlers.o(i.__scatterload_copy)
    i.__scatterload_null                     0x08004050   Section        2  handlers.o(i.__scatterload_null)
    i.__scatterload_zeroinit                 0x08004052   Section       14  handlers.o(i.__scatterload_zeroinit)
    i.__set_errno                            0x08004060   Section        0  errno.o(i.__set_errno)
    i.asinf                                  0x0800406c   Section        0  asinf.o(i.asinf)
    i.atan2f                                 0x08004190   Section        0  atan2f.o(i.atan2f)
    i.inHandlerMode                          0x080043ec   Section        0  cmsis_os.o(i.inHandlerMode)
    inHandlerMode                            0x080043ed   Thumb Code    12  cmsis_os.o(i.inHandlerMode)
    i.invSqrt                                0x080043f8   Section        0  imu.o(i.invSqrt)
    i.main                                   0x08004434   Section        0  main.o(i.main)
    i.makeFreeRtosPriority                   0x08004488   Section        0  cmsis_os.o(i.makeFreeRtosPriority)
    makeFreeRtosPriority                     0x08004489   Thumb Code    12  cmsis_os.o(i.makeFreeRtosPriority)
    i.osDelay                                0x08004494   Section        0  cmsis_os.o(i.osDelay)
    i.osKernelStart                          0x080044a2   Section        0  cmsis_os.o(i.osKernelStart)
    i.osSystickHandler                       0x080044ac   Section        0  cmsis_os.o(i.osSystickHandler)
    i.osThreadCreate                         0x080044c0   Section        0  cmsis_os.o(i.osThreadCreate)
    i.osThreadResume                         0x080044f0   Section        0  cmsis_os.o(i.osThreadResume)
    i.osThreadSuspend                        0x08004524   Section        0  cmsis_os.o(i.osThreadSuspend)
    i.prvAddCurrentTaskToDelayedList         0x08004530   Section        0  tasks.o(i.prvAddCurrentTaskToDelayedList)
    prvAddCurrentTaskToDelayedList           0x08004531   Thumb Code   102  tasks.o(i.prvAddCurrentTaskToDelayedList)
    i.prvAddNewTaskToReadyList               0x080045a0   Section        0  tasks.o(i.prvAddNewTaskToReadyList)
    prvAddNewTaskToReadyList                 0x080045a1   Thumb Code   194  tasks.o(i.prvAddNewTaskToReadyList)
    i.prvCheckTasksWaitingTermination        0x08004670   Section        0  tasks.o(i.prvCheckTasksWaitingTermination)
    prvCheckTasksWaitingTermination          0x08004671   Thumb Code    70  tasks.o(i.prvCheckTasksWaitingTermination)
    i.prvDeleteTCB                           0x080046c0   Section        0  tasks.o(i.prvDeleteTCB)
    prvDeleteTCB                             0x080046c1   Thumb Code    20  tasks.o(i.prvDeleteTCB)
    i.prvHeapInit                            0x080046d4   Section        0  heap_4.o(i.prvHeapInit)
    prvHeapInit                              0x080046d5   Thumb Code    64  heap_4.o(i.prvHeapInit)
    i.prvIdleTask                            0x0800471c   Section        0  tasks.o(i.prvIdleTask)
    prvIdleTask                              0x0800471d   Thumb Code    30  tasks.o(i.prvIdleTask)
    i.prvInitialiseNewTask                   0x08004744   Section        0  tasks.o(i.prvInitialiseNewTask)
    prvInitialiseNewTask                     0x08004745   Thumb Code   142  tasks.o(i.prvInitialiseNewTask)
    i.prvInsertBlockIntoFreeList             0x080047d4   Section        0  heap_4.o(i.prvInsertBlockIntoFreeList)
    prvInsertBlockIntoFreeList               0x080047d5   Thumb Code    72  heap_4.o(i.prvInsertBlockIntoFreeList)
    i.prvResetNextTaskUnblockTime            0x08004820   Section        0  tasks.o(i.prvResetNextTaskUnblockTime)
    prvResetNextTaskUnblockTime              0x08004821   Thumb Code    26  tasks.o(i.prvResetNextTaskUnblockTime)
    i.prvTaskExitError                       0x08004840   Section        0  port.o(i.prvTaskExitError)
    prvTaskExitError                         0x08004841   Thumb Code    36  port.o(i.prvTaskExitError)
    i.prvTaskIsTaskSuspended                 0x08004868   Section        0  tasks.o(i.prvTaskIsTaskSuspended)
    prvTaskIsTaskSuspended                   0x08004869   Thumb Code    48  tasks.o(i.prvTaskIsTaskSuspended)
    i.pvPortMalloc                           0x0800489c   Section        0  heap_4.o(i.pvPortMalloc)
    i.pxPortInitialiseStack                  0x08004974   Section        0  port.o(i.pxPortInitialiseStack)
    i.sqrtf                                  0x08004998   Section        0  sqrtf.o(i.sqrtf)
    i.stabilizerTask                         0x080049c4   Section        0  freertos.o(i.stabilizerTask)
    i.usart1RxTask                           0x08004a04   Section        0  freertos.o(i.usart1RxTask)
    i.usart1TxTask                           0x08004a0c   Section        0  freertos.o(i.usart1TxTask)
    i.usart2RxTask                           0x08004a14   Section        0  freertos.o(i.usart2RxTask)
    i.usart2TxTask                           0x08004a34   Section        0  freertos.o(i.usart2TxTask)
    i.uxListRemove                           0x08004a40   Section        0  list.o(i.uxListRemove)
    i.vListInitialise                        0x08004a64   Section        0  list.o(i.vListInitialise)
    i.vListInitialiseItem                    0x08004a7a   Section        0  list.o(i.vListInitialiseItem)
    i.vListInsert                            0x08004a80   Section        0  list.o(i.vListInsert)
    i.vListInsertEnd                         0x08004ab0   Section        0  list.o(i.vListInsertEnd)
    i.vPortEnterCritical                     0x08004ac8   Section        0  port.o(i.vPortEnterCritical)
    i.vPortExitCritical                      0x08004b08   Section        0  port.o(i.vPortExitCritical)
    i.vPortFree                              0x08004b30   Section        0  heap_4.o(i.vPortFree)
    i.vPortSetupTimerInterrupt               0x08004b8c   Section        0  port.o(i.vPortSetupTimerInterrupt)
    i.vPortValidateInterruptPriority         0x08004bac   Section        0  port.o(i.vPortValidateInterruptPriority)
    i.vTaskDelay                             0x08004c00   Section        0  tasks.o(i.vTaskDelay)
    i.vTaskDelayUntil                        0x08004c4c   Section        0  tasks.o(i.vTaskDelayUntil)
    i.vTaskResume                            0x08004cd8   Section        0  tasks.o(i.vTaskResume)
    i.vTaskStartScheduler                    0x08004d54   Section        0  tasks.o(i.vTaskStartScheduler)
    i.vTaskSuspend                           0x08004dbc   Section        0  tasks.o(i.vTaskSuspend)
    i.vTaskSuspendAll                        0x08004e6c   Section        0  tasks.o(i.vTaskSuspendAll)
    i.vTaskSwitchContext                     0x08004e7c   Section        0  tasks.o(i.vTaskSwitchContext)
    i.xPortStartScheduler                    0x08004ed8   Section        0  port.o(i.xPortStartScheduler)
    i.xPortSysTickHandler                    0x08004f4c   Section        0  port.o(i.xPortSysTickHandler)
    i.xTaskCreate                            0x08004f78   Section        0  tasks.o(i.xTaskCreate)
    i.xTaskGetSchedulerState                 0x08004fd0   Section        0  tasks.o(i.xTaskGetSchedulerState)
    i.xTaskGetTickCount                      0x08004fec   Section        0  tasks.o(i.xTaskGetTickCount)
    i.xTaskIncrementTick                     0x08004ff8   Section        0  tasks.o(i.xTaskIncrementTick)
    i.xTaskResumeAll                         0x080050c0   Section        0  tasks.o(i.xTaskResumeAll)
    i.xTaskResumeFromISR                     0x08005184   Section        0  tasks.o(i.xTaskResumeFromISR)
    .constdata                               0x0800520c   Section      120  freertos.o(.constdata)
    .constdata                               0x08005284   Section       16  system_stm32f1xx.o(.constdata)
    .constdata                               0x08005294   Section        8  system_stm32f1xx.o(.constdata)
    .conststring                             0x0800529c   Section       72  freertos.o(.conststring)
    .data                                    0x20000000   Section        8  mpu6500.o(.data)
    sample                                   0x20000000   Data           2  mpu6500.o(.data)
    gyro_last                                0x20000002   Data           6  mpu6500.o(.data)
    .data                                    0x20000008   Section      116  imu.o(.data)
    .data                                    0x2000007c   Section        6  ano_tech_v4.o(.data)
    cnt                                      0x2000007c   Data           1  ano_tech_v4.o(.data)
    senser_cnt                               0x2000007d   Data           1  ano_tech_v4.o(.data)
    status_cnt                               0x2000007e   Data           1  ano_tech_v4.o(.data)
    rcdata_cnt                               0x2000007f   Data           1  ano_tech_v4.o(.data)
    motopwm_cnt                              0x20000080   Data           1  ano_tech_v4.o(.data)
    power_cnt                                0x20000081   Data           1  ano_tech_v4.o(.data)
    .data                                    0x20000084   Section       28  freertos.o(.data)
    .data                                    0x200000a0   Section       12  stm32f1xx_hal.o(.data)
    .data                                    0x200000ac   Section        4  system_stm32f1xx.o(.data)
    .data                                    0x200000b0   Section       24  heap_4.o(.data)
    pxEnd                                    0x200000b0   Data           4  heap_4.o(.data)
    xFreeBytesRemaining                      0x200000b4   Data           4  heap_4.o(.data)
    xMinimumEverFreeBytesRemaining           0x200000b8   Data           4  heap_4.o(.data)
    xBlockAllocatedBit                       0x200000bc   Data           4  heap_4.o(.data)
    xStart                                   0x200000c0   Data           8  heap_4.o(.data)
    .data                                    0x200000c8   Section       12  port.o(.data)
    ucMaxSysCallPriority                     0x200000c8   Data           1  port.o(.data)
    uxCriticalNesting                        0x200000cc   Data           4  port.o(.data)
    ulMaxPRIGROUPValue                       0x200000d0   Data           4  port.o(.data)
    .data                                    0x200000d4   Section       60  tasks.o(.data)
    uxDeletedTasksWaitingCleanUp             0x200000d8   Data           4  tasks.o(.data)
    uxCurrentNumberOfTasks                   0x200000dc   Data           4  tasks.o(.data)
    xTickCount                               0x200000e0   Data           4  tasks.o(.data)
    uxTopReadyPriority                       0x200000e4   Data           4  tasks.o(.data)
    xSchedulerRunning                        0x200000e8   Data           4  tasks.o(.data)
    uxPendedTicks                            0x200000ec   Data           4  tasks.o(.data)
    xYieldPending                            0x200000f0   Data           4  tasks.o(.data)
    xNumOfOverflows                          0x200000f4   Data           4  tasks.o(.data)
    uxTaskNumber                             0x200000f8   Data           4  tasks.o(.data)
    xNextTaskUnblockTime                     0x200000fc   Data           4  tasks.o(.data)
    xIdleTaskHandle                          0x20000100   Data           4  tasks.o(.data)
    uxSchedulerSuspended                     0x20000104   Data           4  tasks.o(.data)
    pxDelayedTaskList                        0x20000108   Data           4  tasks.o(.data)
    pxOverflowDelayedTaskList                0x2000010c   Data           4  tasks.o(.data)
    .data                                    0x20000110   Section        4  errno.o(.data)
    _errno                                   0x20000110   Data           4  errno.o(.data)
    .bss                                     0x20000118   Section      192  mpu6500.o(.bss)
    .bss                                     0x200001d8   Section       10  rf.o(.bss)
    .bss                                     0x200001e4   Section      104  pid.o(.bss)
    .bss                                     0x2000024c   Section      104  pid.o(.bss)
    .bss                                     0x200002b4   Section      104  pid.o(.bss)
    .bss                                     0x2000031c   Section       63  ano_tech_v4.o(.bss)
    .bss                                     0x2000035c   Section      116  adc.o(.bss)
    .bss                                     0x200003d0   Section       88  spi.o(.bss)
    .bss                                     0x20000428   Section      192  tim.o(.bss)
    .bss                                     0x200004e8   Section       72  usart.o(.bss)
    .bss                                     0x20000530   Section      472  usart.o(.bss)
    .bss                                     0x20000708   Section       64  stm32f1xx_hal_timebase_tim.o(.bss)
    .bss                                     0x20000748   Section    10000  heap_4.o(.bss)
    ucHeap                                   0x20000748   Data       10000  heap_4.o(.bss)
    .bss                                     0x20002e58   Section      180  tasks.o(.bss)
    pxReadyTasksLists                        0x20002e58   Data          80  tasks.o(.bss)
    xDelayedTaskList1                        0x20002ea8   Data          20  tasks.o(.bss)
    xDelayedTaskList2                        0x20002ebc   Data          20  tasks.o(.bss)
    xPendingReadyList                        0x20002ed0   Data          20  tasks.o(.bss)
    xTasksWaitingTermination                 0x20002ee4   Data          20  tasks.o(.bss)
    xSuspendedTaskList                       0x20002ef8   Data          20  tasks.o(.bss)
    STACK                                    0x20002f10   Section     1024  startup_stm32f103xb.o(STACK)

    Global Symbols

    Symbol Name                              Value     Ov Type        Size  Object(Section)

    BuildAttributes$$THM_ISAv4$P$D$K$B$S$PE$A:L22UL41UL21$X:L11$S22US41US21$IEEE1$IW$USESV6$~STKCKD$USESV7$~SHL$OTIME$ROPI$IEEEX$EBA8$MICROLIB$REQ8$PRES8$EABIv2 0x00000000   Number         0  anon$$obj.o ABSOLUTE
    __ARM_use_no_argv                        0x00000000   Number         0  main.o ABSOLUTE
    __cpp_initialize__aeabi_                  - Undefined Weak Reference
    __cxa_finalize                            - Undefined Weak Reference
    __decompress                              - Undefined Weak Reference
    _clock_init                               - Undefined Weak Reference
    _microlib_exit                            - Undefined Weak Reference
    __Vectors_Size                           0x000000ec   Number         0  startup_stm32f103xb.o ABSOLUTE
    __Vectors                                0x08000000   Data           4  startup_stm32f103xb.o(RESET)
    __Vectors_End                            0x080000ec   Data           0  startup_stm32f103xb.o(RESET)
    __main                                   0x080000ed   Thumb Code     0  entry.o(.ARM.Collect$$$$00000000)
    _main_stk                                0x080000ed   Thumb Code     0  entry2.o(.ARM.Collect$$$$00000001)
    _main_scatterload                        0x080000f1   Thumb Code     0  entry5.o(.ARM.Collect$$$$00000004)
    __main_after_scatterload                 0x080000f5   Thumb Code     0  entry5.o(.ARM.Collect$$$$00000004)
    _main_clock                              0x080000f5   Thumb Code     0  entry7b.o(.ARM.Collect$$$$00000008)
    _main_cpp_init                           0x080000f5   Thumb Code     0  entry8b.o(.ARM.Collect$$$$0000000A)
    _main_init                               0x080000f5   Thumb Code     0  entry9a.o(.ARM.Collect$$$$0000000B)
    __rt_final_cpp                           0x080000fd   Thumb Code     0  entry10a.o(.ARM.Collect$$$$0000000D)
    __rt_final_exit                          0x080000fd   Thumb Code     0  entry11a.o(.ARM.Collect$$$$0000000F)
    SVC_Handler                              0x08000101   Thumb Code    32  port.o(.emb_text)
    __asm___6_port_c_39a90d8d__prvStartFirstTask 0x08000125   Thumb Code    28  port.o(.emb_text)
    PendSV_Handler                           0x08000145   Thumb Code    72  port.o(.emb_text)
    vPortGetIPSR                             0x08000191   Thumb Code     6  port.o(.emb_text)
    Reset_Handler                            0x08000199   Thumb Code     8  startup_stm32f103xb.o(.text)
    ADC1_2_IRQHandler                        0x080001b3   Thumb Code     0  startup_stm32f103xb.o(.text)
    CAN1_RX1_IRQHandler                      0x080001b3   Thumb Code     0  startup_stm32f103xb.o(.text)
    CAN1_SCE_IRQHandler                      0x080001b3   Thumb Code     0  startup_stm32f103xb.o(.text)
    DMA1_Channel2_IRQHandler                 0x080001b3   Thumb Code     0  startup_stm32f103xb.o(.text)
    DMA1_Channel3_IRQHandler                 0x080001b3   Thumb Code     0  startup_stm32f103xb.o(.text)
    EXTI0_IRQHandler                         0x080001b3   Thumb Code     0  startup_stm32f103xb.o(.text)
    EXTI15_10_IRQHandler                     0x080001b3   Thumb Code     0  startup_stm32f103xb.o(.text)
    EXTI1_IRQHandler                         0x080001b3   Thumb Code     0  startup_stm32f103xb.o(.text)
    EXTI2_IRQHandler                         0x080001b3   Thumb Code     0  startup_stm32f103xb.o(.text)
    EXTI3_IRQHandler                         0x080001b3   Thumb Code     0  startup_stm32f103xb.o(.text)
    EXTI4_IRQHandler                         0x080001b3   Thumb Code     0  startup_stm32f103xb.o(.text)
    EXTI9_5_IRQHandler                       0x080001b3   Thumb Code     0  startup_stm32f103xb.o(.text)
    FLASH_IRQHandler                         0x080001b3   Thumb Code     0  startup_stm32f103xb.o(.text)
    I2C1_ER_IRQHandler                       0x080001b3   Thumb Code     0  startup_stm32f103xb.o(.text)
    I2C1_EV_IRQHandler                       0x080001b3   Thumb Code     0  startup_stm32f103xb.o(.text)
    I2C2_ER_IRQHandler                       0x080001b3   Thumb Code     0  startup_stm32f103xb.o(.text)
    I2C2_EV_IRQHandler                       0x080001b3   Thumb Code     0  startup_stm32f103xb.o(.text)
    PVD_IRQHandler                           0x080001b3   Thumb Code     0  startup_stm32f103xb.o(.text)
    RCC_IRQHandler                           0x080001b3   Thumb Code     0  startup_stm32f103xb.o(.text)
    RTC_Alarm_IRQHandler                     0x080001b3   Thumb Code     0  startup_stm32f103xb.o(.text)
    RTC_IRQHandler                           0x080001b3   Thumb Code     0  startup_stm32f103xb.o(.text)
    SPI1_IRQHandler                          0x080001b3   Thumb Code     0  startup_stm32f103xb.o(.text)
    SPI2_IRQHandler                          0x080001b3   Thumb Code     0  startup_stm32f103xb.o(.text)
    TAMPER_IRQHandler                        0x080001b3   Thumb Code     0  startup_stm32f103xb.o(.text)
    TIM1_BRK_IRQHandler                      0x080001b3   Thumb Code     0  startup_stm32f103xb.o(.text)
    TIM1_CC_IRQHandler                       0x080001b3   Thumb Code     0  startup_stm32f103xb.o(.text)
    TIM1_TRG_COM_IRQHandler                  0x080001b3   Thumb Code     0  startup_stm32f103xb.o(.text)
    TIM2_IRQHandler                          0x080001b3   Thumb Code     0  startup_stm32f103xb.o(.text)
    TIM3_IRQHandler                          0x080001b3   Thumb Code     0  startup_stm32f103xb.o(.text)
    TIM4_IRQHandler                          0x080001b3   Thumb Code     0  startup_stm32f103xb.o(.text)
    USART3_IRQHandler                        0x080001b3   Thumb Code     0  startup_stm32f103xb.o(.text)
    USBWakeUp_IRQHandler                     0x080001b3   Thumb Code     0  startup_stm32f103xb.o(.text)
    USB_HP_CAN1_TX_IRQHandler                0x080001b3   Thumb Code     0  startup_stm32f103xb.o(.text)
    USB_LP_CAN1_RX0_IRQHandler               0x080001b3   Thumb Code     0  startup_stm32f103xb.o(.text)
    WWDG_IRQHandler                          0x080001b3   Thumb Code     0  startup_stm32f103xb.o(.text)
    __aeabi_ldivmod                          0x080001bd   Thumb Code    98  ldiv.o(.text)
    __aeabi_llsr                             0x0800021f   Thumb Code    32  llushr.o(.text)
    _ll_ushift_r                             0x0800021f   Thumb Code     0  llushr.o(.text)
    __aeabi_memcpy                           0x0800023f   Thumb Code    36  memcpya.o(.text)
    __aeabi_memcpy4                          0x0800023f   Thumb Code     0  memcpya.o(.text)
    __aeabi_memcpy8                          0x0800023f   Thumb Code     0  memcpya.o(.text)
    __aeabi_fadd                             0x08000263   Thumb Code   164  fadd.o(.text)
    __aeabi_fsub                             0x08000307   Thumb Code     6  fadd.o(.text)
    __aeabi_frsub                            0x0800030d   Thumb Code     6  fadd.o(.text)
    __aeabi_fmul                             0x08000313   Thumb Code   100  fmul.o(.text)
    __aeabi_fdiv                             0x08000377   Thumb Code   124  fdiv.o(.text)
    __ARM_scalbnf                            0x080003f3   Thumb Code    24  fscalb.o(.text)
    scalbnf                                  0x080003f3   Thumb Code     0  fscalb.o(.text)
    __aeabi_i2f                              0x0800040b   Thumb Code    18  fflti.o(.text)
    __aeabi_ui2f                             0x0800041d   Thumb Code    10  ffltui.o(.text)
    __aeabi_f2iz                             0x08000427   Thumb Code    50  ffixi.o(.text)
    __aeabi_uldivmod                         0x08000459   Thumb Code    98  uldiv.o(.text)
    __I$use$fp                               0x080004bb   Thumb Code     0  iusefp.o(.text)
    _float_round                             0x080004bb   Thumb Code    18  fepilogue.o(.text)
    _float_epilogue                          0x080004cd   Thumb Code    92  fepilogue.o(.text)
    __scatterload                            0x08000529   Thumb Code    28  init.o(.text)
    __scatterload_rt2                        0x08000529   Thumb Code     0  init.o(.text)
    __aeabi_llsl                             0x0800054d   Thumb Code    30  llshl.o(.text)
    _ll_shift_l                              0x0800054d   Thumb Code     0  llshl.o(.text)
    _fsqrt                                   0x0800056b   Thumb Code    94  fsqrt.o(.text)
    ADC_ConversionStop_Disable               0x080005c9   Thumb Code    76  stm32f1xx_hal_adc.o(i.ADC_ConversionStop_Disable)
    ANO_DT_Data_Exchange                     0x08000615   Thumb Code   456  ano_tech_v4.o(i.ANO_DT_Data_Exchange)
    ANO_DT_Send_Data                         0x080007f9   Thumb Code    28  ano_tech_v4.o(i.ANO_DT_Send_Data)
    ANO_DT_Send_MotoPWM                      0x08000821   Thumb Code   150  ano_tech_v4.o(i.ANO_DT_Send_MotoPWM)
    ANO_DT_Send_PID                          0x080008bd   Thumb Code   322  ano_tech_v4.o(i.ANO_DT_Send_PID)
    ANO_DT_Send_Power                        0x08000a09   Thumb Code    82  ano_tech_v4.o(i.ANO_DT_Send_Power)
    ANO_DT_Send_RCData                       0x08000a61   Thumb Code   174  ano_tech_v4.o(i.ANO_DT_Send_RCData)
    ANO_DT_Send_Senser                       0x08000b15   Thumb Code   206  ano_tech_v4.o(i.ANO_DT_Send_Senser)
    ANO_DT_Send_Status                       0x08000be9   Thumb Code   180  ano_tech_v4.o(i.ANO_DT_Send_Status)
    ANO_DT_Send_Version                      0x08000ca5   Thumb Code   100  ano_tech_v4.o(i.ANO_DT_Send_Version)
    BusFault_Handler                         0x08000d0d   Thumb Code     2  stm32f1xx_it.o(i.BusFault_Handler)
    DMA1_Channel1_IRQHandler                 0x08000d11   Thumb Code     6  stm32f1xx_it.o(i.DMA1_Channel1_IRQHandler)
    DMA1_Channel4_IRQHandler                 0x08000d1d   Thumb Code     6  stm32f1xx_it.o(i.DMA1_Channel4_IRQHandler)
    DMA1_Channel5_IRQHandler                 0x08000d29   Thumb Code     6  stm32f1xx_it.o(i.DMA1_Channel5_IRQHandler)
    DMA1_Channel6_IRQHandler                 0x08000d35   Thumb Code     6  stm32f1xx_it.o(i.DMA1_Channel6_IRQHandler)
    DMA1_Channel7_IRQHandler                 0x08000d41   Thumb Code    24  stm32f1xx_it.o(i.DMA1_Channel7_IRQHandler)
    DebugMon_Handler                         0x08000d8b   Thumb Code     2  stm32f1xx_it.o(i.DebugMon_Handler)
    Filter_One                               0x08000d8d   Thumb Code    58  mpu6500.o(i.Filter_One)
    HAL_ADC_ConfigChannel                    0x08000dcd   Thumb Code   240  stm32f1xx_hal_adc.o(i.HAL_ADC_ConfigChannel)
    HAL_ADC_Init                             0x08000ec9   Thumb Code   272  stm32f1xx_hal_adc.o(i.HAL_ADC_Init)
    HAL_ADC_MspInit                          0x08000fe5   Thumb Code   102  adc.o(i.HAL_ADC_MspInit)
    HAL_DMA_Abort                            0x08001075   Thumb Code    48  stm32f1xx_hal_dma.o(i.HAL_DMA_Abort)
    HAL_DMA_Abort_IT                         0x080010a5   Thumb Code   148  stm32f1xx_hal_dma.o(i.HAL_DMA_Abort_IT)
    HAL_DMA_IRQHandler                       0x0800113d   Thumb Code   316  stm32f1xx_hal_dma.o(i.HAL_DMA_IRQHandler)
    HAL_DMA_Init                             0x08001291   Thumb Code    92  stm32f1xx_hal_dma.o(i.HAL_DMA_Init)
    HAL_DMA_Start_IT                         0x080012f5   Thumb Code   112  stm32f1xx_hal_dma.o(i.HAL_DMA_Start_IT)
    HAL_Delay                                0x08001365   Thumb Code    32  stm32f1xx_hal.o(i.HAL_Delay)
    HAL_GPIO_Init                            0x08001389   Thumb Code   408  stm32f1xx_hal_gpio.o(i.HAL_GPIO_Init)
    HAL_GPIO_WritePin                        0x08001545   Thumb Code    10  stm32f1xx_hal_gpio.o(i.HAL_GPIO_WritePin)
    HAL_GetTick                              0x08001551   Thumb Code     6  stm32f1xx_hal.o(i.HAL_GetTick)
    HAL_IncTick                              0x0800155d   Thumb Code    12  stm32f1xx_hal.o(i.HAL_IncTick)
    HAL_Init                                 0x0800156d   Thumb Code    32  stm32f1xx_hal.o(i.HAL_Init)
    HAL_InitTick                             0x08001591   Thumb Code    98  stm32f1xx_hal_timebase_tim.o(i.HAL_InitTick)
    HAL_MspInit                              0x08001605   Thumb Code   134  stm32f1xx_hal_msp.o(i.HAL_MspInit)
    HAL_NVIC_EnableIRQ                       0x08001695   Thumb Code    22  stm32f1xx_hal_cortex.o(i.HAL_NVIC_EnableIRQ)
    HAL_NVIC_SetPriority                     0x080016ad   Thumb Code    60  stm32f1xx_hal_cortex.o(i.HAL_NVIC_SetPriority)
    HAL_NVIC_SetPriorityGrouping             0x080016ed   Thumb Code    26  stm32f1xx_hal_cortex.o(i.HAL_NVIC_SetPriorityGrouping)
    HAL_RCCEx_PeriphCLKConfig                0x08001711   Thumb Code   224  stm32f1xx_hal_rcc_ex.o(i.HAL_RCCEx_PeriphCLKConfig)
    HAL_RCC_ClockConfig                      0x080017fd   Thumb Code   322  stm32f1xx_hal_rcc.o(i.HAL_RCC_ClockConfig)
    HAL_RCC_GetClockConfig                   0x08001951   Thumb Code    54  stm32f1xx_hal_rcc.o(i.HAL_RCC_GetClockConfig)
    HAL_RCC_GetHCLKFreq                      0x08001991   Thumb Code     6  stm32f1xx_hal_rcc.o(i.HAL_RCC_GetHCLKFreq)
    HAL_RCC_GetPCLK1Freq                     0x0800199d   Thumb Code    20  stm32f1xx_hal_rcc.o(i.HAL_RCC_GetPCLK1Freq)
    HAL_RCC_GetPCLK2Freq                     0x080019bd   Thumb Code    20  stm32f1xx_hal_rcc.o(i.HAL_RCC_GetPCLK2Freq)
    HAL_RCC_GetSysClockFreq                  0x080019dd   Thumb Code    74  stm32f1xx_hal_rcc.o(i.HAL_RCC_GetSysClockFreq)
    HAL_RCC_OscConfig                        0x08001a49   Thumb Code   750  stm32f1xx_hal_rcc.o(i.HAL_RCC_OscConfig)
    HAL_SPI_Init                             0x08001d4d   Thumb Code   130  stm32f1xx_hal_spi_ex.o(i.HAL_SPI_Init)
    HAL_SPI_MspInit                          0x08001dd1   Thumb Code    88  spi.o(i.HAL_SPI_MspInit)
    HAL_SPI_TransmitReceive                  0x08001e39   Thumb Code   472  stm32f1xx_hal_spi.o(i.HAL_SPI_TransmitReceive)
    HAL_SYSTICK_CLKSourceConfig              0x08002011   Thumb Code    24  stm32f1xx_hal_cortex.o(i.HAL_SYSTICK_CLKSourceConfig)
    HAL_SYSTICK_Config                       0x08002029   Thumb Code    40  stm32f1xx_hal_cortex.o(i.HAL_SYSTICK_Config)
    HAL_TIMEx_BreakCallback                  0x08002051   Thumb Code     2  stm32f1xx_hal_tim_ex.o(i.HAL_TIMEx_BreakCallback)
    HAL_TIMEx_CommutationCallback            0x08002053   Thumb Code     2  stm32f1xx_hal_tim_ex.o(i.HAL_TIMEx_CommutationCallback)
    HAL_TIMEx_MasterConfigSynchronization    0x08002055   Thumb Code    80  stm32f1xx_hal_tim_ex.o(i.HAL_TIMEx_MasterConfigSynchronization)
    HAL_TIM_Base_Init                        0x080020a5   Thumb Code    54  stm32f1xx_hal_tim.o(i.HAL_TIM_Base_Init)
    HAL_TIM_Base_MspInit                     0x080020dd   Thumb Code    52  tim.o(i.HAL_TIM_Base_MspInit)
    HAL_TIM_Base_Start                       0x08002119   Thumb Code    26  stm32f1xx_hal_tim.o(i.HAL_TIM_Base_Start)
    HAL_TIM_Base_Start_IT                    0x08002133   Thumb Code    24  stm32f1xx_hal_tim.o(i.HAL_TIM_Base_Start_IT)
    HAL_TIM_ConfigClockSource                0x0800214b   Thumb Code   242  stm32f1xx_hal_tim.o(i.HAL_TIM_ConfigClockSource)
    HAL_TIM_IC_CaptureCallback               0x0800223d   Thumb Code     2  stm32f1xx_hal_tim.o(i.HAL_TIM_IC_CaptureCallback)
    HAL_TIM_IRQHandler                       0x0800223f   Thumb Code   358  stm32f1xx_hal_tim.o(i.HAL_TIM_IRQHandler)
    HAL_TIM_MspPostInit                      0x080023a5   Thumb Code    46  tim.o(i.HAL_TIM_MspPostInit)
    HAL_TIM_OC_DelayElapsedCallback          0x080023e1   Thumb Code     2  stm32f1xx_hal_tim.o(i.HAL_TIM_OC_DelayElapsedCallback)
    HAL_TIM_PWM_ConfigChannel                0x080023e3   Thumb Code   208  stm32f1xx_hal_tim.o(i.HAL_TIM_PWM_ConfigChannel)
    HAL_TIM_PWM_Init                         0x080024b3   Thumb Code    54  stm32f1xx_hal_tim.o(i.HAL_TIM_PWM_Init)
    HAL_TIM_PWM_MspInit                      0x080024e9   Thumb Code    30  tim.o(i.HAL_TIM_PWM_MspInit)
    HAL_TIM_PWM_PulseFinishedCallback        0x08002511   Thumb Code     2  stm32f1xx_hal_tim.o(i.HAL_TIM_PWM_PulseFinishedCallback)
    HAL_TIM_PeriodElapsedCallback            0x08002515   Thumb Code    14  main.o(i.HAL_TIM_PeriodElapsedCallback)
    HAL_TIM_TriggerCallback                  0x08002529   Thumb Code     2  stm32f1xx_hal_tim.o(i.HAL_TIM_TriggerCallback)
    HAL_UART_DMAStop                         0x0800252b   Thumb Code    88  stm32f1xx_hal_uart.o(i.HAL_UART_DMAStop)
    HAL_UART_ErrorCallback                   0x08002583   Thumb Code     2  stm32f1xx_hal_uart.o(i.HAL_UART_ErrorCallback)
    HAL_UART_IRQHandler                      0x08002585   Thumb Code   266  stm32f1xx_hal_uart.o(i.HAL_UART_IRQHandler)
    HAL_UART_Init                            0x08002695   Thumb Code    98  stm32f1xx_hal_uart.o(i.HAL_UART_Init)
    HAL_UART_MspInit                         0x080026f9   Thumb Code   350  usart.o(i.HAL_UART_MspInit)
    HAL_UART_Receive_DMA                     0x08002885   Thumb Code   138  stm32f1xx_hal_uart.o(i.HAL_UART_Receive_DMA)
    HAL_UART_RxCpltCallback                  0x0800291d   Thumb Code     2  stm32f1xx_hal_uart.o(i.HAL_UART_RxCpltCallback)
    HAL_UART_RxHalfCpltCallback              0x0800291f   Thumb Code     2  stm32f1xx_hal_uart.o(i.HAL_UART_RxHalfCpltCallback)
    HAL_UART_Transmit_DMA                    0x08002921   Thumb Code   114  stm32f1xx_hal_uart.o(i.HAL_UART_Transmit_DMA)
    HAL_UART_TxCpltCallback                  0x080029a1   Thumb Code     2  stm32f1xx_hal_uart.o(i.HAL_UART_TxCpltCallback)
    HAL_UART_TxHalfCpltCallback              0x080029a3   Thumb Code     2  stm32f1xx_hal_uart.o(i.HAL_UART_TxHalfCpltCallback)
    HardFault_Handler                        0x080029a5   Thumb Code     2  stm32f1xx_it.o(i.HardFault_Handler)
    IMUupdate                                0x080029a9   Thumb Code  1058  imu.o(i.IMUupdate)
    IMUupdate_2                              0x08002dcd   Thumb Code    42  imu.o(i.IMUupdate_2)
    MPU6500_Get_Raw_Data                     0x08002e05   Thumb Code   114  mpu6500.o(i.MPU6500_Get_Raw_Data)
    MPU6500_Gyro_Cal_Update                  0x08002e7d   Thumb Code   338  mpu6500.o(i.MPU6500_Gyro_Cal_Update)
    MPU6500_Init                             0x08002fd9   Thumb Code   146  mpu6500.o(i.MPU6500_Init)
    MPU6500_Read_Byte_SPI                    0x0800306d   Thumb Code    50  mpu6500.o(i.MPU6500_Read_Byte_SPI)
    MPU6500_Write_Byte_SPI                   0x080030a5   Thumb Code    50  mpu6500.o(i.MPU6500_Write_Byte_SPI)
    MX_ADC1_Init                             0x080030dd   Thumb Code    70  adc.o(i.MX_ADC1_Init)
    MX_DMA_Init                              0x08003141   Thumb Code   104  dma.o(i.MX_DMA_Init)
    MX_FREERTOS_Init                         0x080031ad   Thumb Code   166  freertos.o(i.MX_FREERTOS_Init)
    MX_GPIO_Init                             0x08003265   Thumb Code    94  gpio.o(i.MX_GPIO_Init)
    MX_SPI1_Init                             0x080032cd   Thumb Code    66  spi.o(i.MX_SPI1_Init)
    MX_TIM2_Init                             0x0800332d   Thumb Code    98  tim.o(i.MX_TIM2_Init)
    MX_TIM3_Init                             0x080033a9   Thumb Code   166  tim.o(i.MX_TIM3_Init)
    MX_TIM4_Init                             0x0800346d   Thumb Code    96  tim.o(i.MX_TIM4_Init)
    MX_USART1_UART_Init                      0x080034e9   Thumb Code    52  usart.o(i.MX_USART1_UART_Init)
    MX_USART2_UART_Init                      0x08003539   Thumb Code    52  usart.o(i.MX_USART2_UART_Init)
    MemManage_Handler                        0x08003589   Thumb Code     2  stm32f1xx_it.o(i.MemManage_Handler)
    NMI_Handler                              0x0800358b   Thumb Code     2  stm32f1xx_it.o(i.NMI_Handler)
    Remote_Data                              0x080035ad   Thumb Code    90  rf.o(i.Remote_Data)
    SPI1_ReadWrite_Byte                      0x08003611   Thumb Code    28  spi.o(i.SPI1_ReadWrite_Byte)
    SPI1_ReadWrite_nByte                     0x08003631   Thumb Code    50  spi.o(i.SPI1_ReadWrite_nByte)
    Sensors_Acc_Gyro_Update                  0x08003721   Thumb Code   206  mpu6500.o(i.Sensors_Acc_Gyro_Update)
    Sensors_Acc_Gyro_Update_2                0x080037f9   Thumb Code    24  mpu6500.o(i.Sensors_Acc_Gyro_Update_2)
    StartDefaultTask                         0x08003819   Thumb Code     8  freertos.o(i.StartDefaultTask)
    Start_timing                             0x08003821   Thumb Code     8  tim.o(i.Start_timing)
    Stop_timing                              0x08003829   Thumb Code    22  tim.o(i.Stop_timing)
    SysTick_Handler                          0x08003845   Thumb Code     4  stm32f1xx_it.o(i.SysTick_Handler)
    SystemClock_Config                       0x08003849   Thumb Code   122  main.o(i.SystemClock_Config)
    SystemInit                               0x080038c5   Thumb Code    56  system_stm32f1xx.o(i.SystemInit)
    TIM1_UP_IRQHandler                       0x0800390d   Thumb Code     6  stm32f1xx_it.o(i.TIM1_UP_IRQHandler)
    TIM_Base_SetConfig                       0x08003919   Thumb Code    94  stm32f1xx_hal_tim.o(i.TIM_Base_SetConfig)
    TIM_OC2_SetConfig                        0x080039f9   Thumb Code    84  stm32f1xx_hal_tim.o(i.TIM_OC2_SetConfig)
    UARTx_Receive_IDLE                       0x08003ea3   Thumb Code    68  usart.o(i.UARTx_Receive_IDLE)
    USART1_IRQHandler                        0x08003ee9   Thumb Code     6  stm32f1xx_it.o(i.USART1_IRQHandler)
    USART2_IRQHandler                        0x08003ef5   Thumb Code    54  stm32f1xx_it.o(i.USART2_IRQHandler)
    USART2_Init                              0x08003f3d   Thumb Code    44  usart.o(i.USART2_Init)
    USART_Rx_Decode                          0x08003f6d   Thumb Code    56  usart.o(i.USART_Rx_Decode)
    USARTx_DMA_SendData                      0x08003fa5   Thumb Code    54  usart.o(i.USARTx_DMA_SendData)
    USARTx_DMA_Send_TC                       0x08003fdd   Thumb Code    28  usart.o(i.USARTx_DMA_Send_TC)
    UsageFault_Handler                       0x08003ffd   Thumb Code     2  stm32f1xx_it.o(i.UsageFault_Handler)
    _Error_Handler                           0x08003fff   Thumb Code     2  main.o(i._Error_Handler)
    __ARM_fpclassifyf                        0x08004001   Thumb Code    38  fpclassifyf.o(i.__ARM_fpclassifyf)
    __mathlib_flt_infnan                     0x08004027   Thumb Code     6  funder.o(i.__mathlib_flt_infnan)
    __mathlib_flt_infnan2                    0x0800402d   Thumb Code     4  funder.o(i.__mathlib_flt_infnan2)
    __mathlib_flt_invalid                    0x08004031   Thumb Code     8  funder.o(i.__mathlib_flt_invalid)
    __mathlib_flt_underflow                  0x08004039   Thumb Code    10  funder.o(i.__mathlib_flt_underflow)
    __scatterload_copy                       0x08004043   Thumb Code    14  handlers.o(i.__scatterload_copy)
    __scatterload_null                       0x08004051   Thumb Code     2  handlers.o(i.__scatterload_null)
    __scatterload_zeroinit                   0x08004053   Thumb Code    14  handlers.o(i.__scatterload_zeroinit)
    __set_errno                              0x08004061   Thumb Code     6  errno.o(i.__set_errno)
    asinf                                    0x0800406d   Thumb Code   254  asinf.o(i.asinf)
    atan2f                                   0x08004191   Thumb Code   528  atan2f.o(i.atan2f)
    invSqrt                                  0x080043f9   Thumb Code    56  imu.o(i.invSqrt)
    main                                     0x08004435   Thumb Code    74  main.o(i.main)
    osDelay                                  0x08004495   Thumb Code    14  cmsis_os.o(i.osDelay)
    osKernelStart                            0x080044a3   Thumb Code    10  cmsis_os.o(i.osKernelStart)
    osSystickHandler                         0x080044ad   Thumb Code    20  cmsis_os.o(i.osSystickHandler)
    osThreadCreate                           0x080044c1   Thumb Code    46  cmsis_os.o(i.osThreadCreate)
    osThreadResume                           0x080044f1   Thumb Code    46  cmsis_os.o(i.osThreadResume)
    osThreadSuspend                          0x08004525   Thumb Code    10  cmsis_os.o(i.osThreadSuspend)
    pvPortMalloc                             0x0800489d   Thumb Code   210  heap_4.o(i.pvPortMalloc)
    pxPortInitialiseStack                    0x08004975   Thumb Code    32  port.o(i.pxPortInitialiseStack)
    sqrtf                                    0x08004999   Thumb Code    44  sqrtf.o(i.sqrtf)
    stabilizerTask                           0x080049c5   Thumb Code    52  freertos.o(i.stabilizerTask)
    usart1RxTask                             0x08004a05   Thumb Code     8  freertos.o(i.usart1RxTask)
    usart1TxTask                             0x08004a0d   Thumb Code     8  freertos.o(i.usart1TxTask)
    usart2RxTask                             0x08004a15   Thumb Code    24  freertos.o(i.usart2RxTask)
    usart2TxTask                             0x08004a35   Thumb Code    12  freertos.o(i.usart2TxTask)
    uxListRemove                             0x08004a41   Thumb Code    36  list.o(i.uxListRemove)
    vListInitialise                          0x08004a65   Thumb Code    22  list.o(i.vListInitialise)
    vListInitialiseItem                      0x08004a7b   Thumb Code     6  list.o(i.vListInitialiseItem)
    vListInsert                              0x08004a81   Thumb Code    48  list.o(i.vListInsert)
    vListInsertEnd                           0x08004ab1   Thumb Code    24  list.o(i.vListInsertEnd)
    vPortEnterCritical                       0x08004ac9   Thumb Code    54  port.o(i.vPortEnterCritical)
    vPortExitCritical                        0x08004b09   Thumb Code    34  port.o(i.vPortExitCritical)
    vPortFree                                0x08004b31   Thumb Code    88  heap_4.o(i.vPortFree)
    vPortSetupTimerInterrupt                 0x08004b8d   Thumb Code    26  port.o(i.vPortSetupTimerInterrupt)
    vPortValidateInterruptPriority           0x08004bad   Thumb Code    74  port.o(i.vPortValidateInterruptPriority)
    vTaskDelay                               0x08004c01   Thumb Code    66  tasks.o(i.vTaskDelay)
    vTaskDelayUntil                          0x08004c4d   Thumb Code   132  tasks.o(i.vTaskDelayUntil)
    vTaskResume                              0x08004cd9   Thumb Code   112  tasks.o(i.vTaskResume)
    vTaskStartScheduler                      0x08004d55   Thumb Code    86  tasks.o(i.vTaskStartScheduler)
    vTaskSuspend                             0x08004dbd   Thumb Code   162  tasks.o(i.vTaskSuspend)
    vTaskSuspendAll                          0x08004e6d   Thumb Code    10  tasks.o(i.vTaskSuspendAll)
    vTaskSwitchContext                       0x08004e7d   Thumb Code    82  tasks.o(i.vTaskSwitchContext)
    xPortStartScheduler                      0x08004ed9   Thumb Code   102  port.o(i.xPortStartScheduler)
    xPortSysTickHandler                      0x08004f4d   Thumb Code    38  port.o(i.xPortSysTickHandler)
    xTaskCreate                              0x08004f79   Thumb Code    86  tasks.o(i.xTaskCreate)
    xTaskGetSchedulerState                   0x08004fd1   Thumb Code    22  tasks.o(i.xTaskGetSchedulerState)
    xTaskGetTickCount                        0x08004fed   Thumb Code     6  tasks.o(i.xTaskGetTickCount)
    xTaskIncrementTick                       0x08004ff9   Thumb Code   192  tasks.o(i.xTaskIncrementTick)
    xTaskResumeAll                           0x080050c1   Thumb Code   182  tasks.o(i.xTaskResumeAll)
    xTaskResumeFromISR                       0x08005185   Thumb Code   128  tasks.o(i.xTaskResumeFromISR)
    AHBPrescTable                            0x08005284   Data          16  system_stm32f1xx.o(.constdata)
    APBPrescTable                            0x08005294   Data           8  system_stm32f1xx.o(.constdata)
    Region$$Table$$Base                      0x080052e4   Number         0  anon$$obj.o(Region$$Table)
    Region$$Table$$Limit                     0x08005304   Number         0  anon$$obj.o(Region$$Table)
    exInt                                    0x20000008   Data           4  imu.o(.data)
    eyInt                                    0x2000000c   Data           4  imu.o(.data)
    ezInt                                    0x20000010   Data           4  imu.o(.data)
    Kp                                       0x20000014   Data           4  imu.o(.data)
    Ki                                       0x20000018   Data           4  imu.o(.data)
    ex                                       0x2000001c   Data           4  imu.o(.data)
    ey                                       0x20000020   Data           4  imu.o(.data)
    ez                                       0x20000024   Data           4  imu.o(.data)
    attitude                                 0x20000028   Data          84  imu.o(.data)
    main_loop_time                           0x20000084   Data           4  freertos.o(.data)
    defaultTaskHandle                        0x20000088   Data           4  freertos.o(.data)
    STABILIZERHandle                         0x2000008c   Data           4  freertos.o(.data)
    USART1_RXHandle                          0x20000090   Data           4  freertos.o(.data)
    USART2_RXHandle                          0x20000094   Data           4  freertos.o(.data)
    USART1_TXHandle                          0x20000098   Data           4  freertos.o(.data)
    USART2_TXHandle                          0x2000009c   Data           4  freertos.o(.data)
    uwTickFreq                               0x200000a0   Data           1  stm32f1xx_hal.o(.data)
    uwTickPrio                               0x200000a4   Data           4  stm32f1xx_hal.o(.data)
    uwTick                                   0x200000a8   Data           4  stm32f1xx_hal.o(.data)
    SystemCoreClock                          0x200000ac   Data           4  system_stm32f1xx.o(.data)
    pxCurrentTCB                             0x200000d4   Data           4  tasks.o(.data)
    mpu6500                                  0x20000118   Data         192  mpu6500.o(.bss)
    remote                                   0x200001d8   Data          10  rf.o(.bss)
    Roll                                     0x200001e4   Data         104  pid.o(.bss)
    Pitch                                    0x2000024c   Data         104  pid.o(.bss)
    Yaw                                      0x200002b4   Data         104  pid.o(.bss)
    f                                        0x2000031c   Data          13  ano_tech_v4.o(.bss)
    data_to_send                             0x20000329   Data          50  ano_tech_v4.o(.bss)
    hadc1                                    0x2000035c   Data          48  adc.o(.bss)
    hdma_adc1                                0x2000038c   Data          68  adc.o(.bss)
    hspi1                                    0x200003d0   Data          88  spi.o(.bss)
    htim2                                    0x20000428   Data          64  tim.o(.bss)
    htim3                                    0x20000468   Data          64  tim.o(.bss)
    htim4                                    0x200004a8   Data          64  tim.o(.bss)
    Usart1                                   0x200004e8   Data          72  usart.o(.bss)
    Usart2                                   0x20000530   Data          72  usart.o(.bss)
    huart1                                   0x20000578   Data          64  usart.o(.bss)
    huart2                                   0x200005b8   Data          64  usart.o(.bss)
    hdma_usart1_rx                           0x200005f8   Data          68  usart.o(.bss)
    hdma_usart1_tx                           0x2000063c   Data          68  usart.o(.bss)
    hdma_usart2_rx                           0x20000680   Data          68  usart.o(.bss)
    hdma_usart2_tx                           0x200006c4   Data          68  usart.o(.bss)
    htim1                                    0x20000708   Data          64  stm32f1xx_hal_timebase_tim.o(.bss)
    __initial_sp                             0x20003310   Data           0  startup_stm32f103xb.o(STACK)



==============================================================================

Memory Map of the image

  Image Entry point : 0x080000ed

  Load Region LR_IROM1 (Base: 0x08000000, Size: 0x00005418, Max: 0x00010000, ABSOLUTE)

    Execution Region ER_IROM1 (Exec base: 0x08000000, Load base: 0x08000000, Size: 0x00005304, Max: 0x00010000, ABSOLUTE)

    Exec Addr    Load Addr    Size         Type   Attr      Idx    E Section Name        Object

    0x08000000   0x08000000   0x000000ec   Data   RO            3    RESET               startup_stm32f103xb.o
    0x080000ec   0x080000ec   0x00000000   Code   RO         4970  * .ARM.Collect$$$$00000000  mc_w.l(entry.o)
    0x080000ec   0x080000ec   0x00000004   Code   RO         5021    .ARM.Collect$$$$00000001  mc_w.l(entry2.o)
    0x080000f0   0x080000f0   0x00000004   Code   RO         5024    .ARM.Collect$$$$00000004  mc_w.l(entry5.o)
    0x080000f4   0x080000f4   0x00000000   Code   RO         5026    .ARM.Collect$$$$00000008  mc_w.l(entry7b.o)
    0x080000f4   0x080000f4   0x00000000   Code   RO         5028    .ARM.Collect$$$$0000000A  mc_w.l(entry8b.o)
    0x080000f4   0x080000f4   0x00000008   Code   RO         5029    .ARM.Collect$$$$0000000B  mc_w.l(entry9a.o)
    0x080000fc   0x080000fc   0x00000000   Code   RO         5031    .ARM.Collect$$$$0000000D  mc_w.l(entry10a.o)
    0x080000fc   0x080000fc   0x00000000   Code   RO         5033    .ARM.Collect$$$$0000000F  mc_w.l(entry11a.o)
    0x080000fc   0x080000fc   0x00000004   Code   RO         5022    .ARM.Collect$$$$00002712  mc_w.l(entry2.o)
    0x08000100   0x08000100   0x00000096   Code   RO         3943    .emb_text           port.o
    0x08000196   0x08000196   0x00000002   PAD
    0x08000198   0x08000198   0x00000024   Code   RO            4    .text               startup_stm32f103xb.o
    0x080001bc   0x080001bc   0x00000062   Code   RO         4973    .text               mc_w.l(ldiv.o)
    0x0800021e   0x0800021e   0x00000020   Code   RO         4975    .text               mc_w.l(llushr.o)
    0x0800023e   0x0800023e   0x00000024   Code   RO         4977    .text               mc_w.l(memcpya.o)
    0x08000262   0x08000262   0x000000b0   Code   RO         4981    .text               mf_w.l(fadd.o)
    0x08000312   0x08000312   0x00000064   Code   RO         4983    .text               mf_w.l(fmul.o)
    0x08000376   0x08000376   0x0000007c   Code   RO         4985    .text               mf_w.l(fdiv.o)
    0x080003f2   0x080003f2   0x00000018   Code   RO         4987    .text               mf_w.l(fscalb.o)
    0x0800040a   0x0800040a   0x00000012   Code   RO         4989    .text               mf_w.l(fflti.o)
    0x0800041c   0x0800041c   0x0000000a   Code   RO         4991    .text               mf_w.l(ffltui.o)
    0x08000426   0x08000426   0x00000032   Code   RO         4993    .text               mf_w.l(ffixi.o)
    0x08000458   0x08000458   0x00000062   Code   RO         5035    .text               mc_w.l(uldiv.o)
    0x080004ba   0x080004ba   0x00000000   Code   RO         5044    .text               mc_w.l(iusefp.o)
    0x080004ba   0x080004ba   0x0000006e   Code   RO         5045    .text               mf_w.l(fepilogue.o)
    0x08000528   0x08000528   0x00000024   Code   RO         5047    .text               mc_w.l(init.o)
    0x0800054c   0x0800054c   0x0000001e   Code   RO         5049    .text               mc_w.l(llshl.o)
    0x0800056a   0x0800056a   0x0000005e   Code   RO         5051    .text               mf_w.l(fsqrt.o)
    0x080005c8   0x080005c8   0x0000004c   Code   RO         1137    i.ADC_ConversionStop_Disable  stm32f1xx_hal_adc.o
    0x08000614   0x08000614   0x000001e4   Code   RO          337    i.ANO_DT_Data_Exchange  ano_tech_v4.o
    0x080007f8   0x080007f8   0x00000028   Code   RO          338    i.ANO_DT_Send_Data  ano_tech_v4.o
    0x08000820   0x08000820   0x0000009c   Code   RO          339    i.ANO_DT_Send_MotoPWM  ano_tech_v4.o
    0x080008bc   0x080008bc   0x0000014c   Code   RO          340    i.ANO_DT_Send_PID   ano_tech_v4.o
    0x08000a08   0x08000a08   0x00000058   Code   RO          341    i.ANO_DT_Send_Power  ano_tech_v4.o
    0x08000a60   0x08000a60   0x000000b4   Code   RO          342    i.ANO_DT_Send_RCData  ano_tech_v4.o
    0x08000b14   0x08000b14   0x000000d4   Code   RO          343    i.ANO_DT_Send_Senser  ano_tech_v4.o
    0x08000be8   0x08000be8   0x000000bc   Code   RO          345    i.ANO_DT_Send_Status  ano_tech_v4.o
    0x08000ca4   0x08000ca4   0x00000068   Code   RO          346    i.ANO_DT_Send_Version  ano_tech_v4.o
    0x08000d0c   0x08000d0c   0x00000002   Code   RO          925    i.BusFault_Handler  stm32f1xx_it.o
    0x08000d0e   0x08000d0e   0x00000002   PAD
    0x08000d10   0x08000d10   0x0000000c   Code   RO          926    i.DMA1_Channel1_IRQHandler  stm32f1xx_it.o
    0x08000d1c   0x08000d1c   0x0000000c   Code   RO          927    i.DMA1_Channel4_IRQHandler  stm32f1xx_it.o
    0x08000d28   0x08000d28   0x0000000c   Code   RO          928    i.DMA1_Channel5_IRQHandler  stm32f1xx_it.o
    0x08000d34   0x08000d34   0x0000000c   Code   RO          929    i.DMA1_Channel6_IRQHandler  stm32f1xx_it.o
    0x08000d40   0x08000d40   0x00000020   Code   RO          930    i.DMA1_Channel7_IRQHandler  stm32f1xx_it.o
    0x08000d60   0x08000d60   0x0000002a   Code   RO         3313    i.DMA_SetConfig     stm32f1xx_hal_dma.o
    0x08000d8a   0x08000d8a   0x00000002   Code   RO          931    i.DebugMon_Handler  stm32f1xx_it.o
    0x08000d8c   0x08000d8c   0x00000040   Code   RO           13    i.Filter_One        mpu6500.o
    0x08000dcc   0x08000dcc   0x000000fc   Code   RO         1143    i.HAL_ADC_ConfigChannel  stm32f1xx_hal_adc.o
    0x08000ec8   0x08000ec8   0x0000011c   Code   RO         1152    i.HAL_ADC_Init      stm32f1xx_hal_adc.o
    0x08000fe4   0x08000fe4   0x00000090   Code   RO          552    i.HAL_ADC_MspInit   adc.o
    0x08001074   0x08001074   0x00000030   Code   RO         3314    i.HAL_DMA_Abort     stm32f1xx_hal_dma.o
    0x080010a4   0x080010a4   0x00000098   Code   RO         3315    i.HAL_DMA_Abort_IT  stm32f1xx_hal_dma.o
    0x0800113c   0x0800113c   0x00000154   Code   RO         3319    i.HAL_DMA_IRQHandler  stm32f1xx_hal_dma.o
    0x08001290   0x08001290   0x00000064   Code   RO         3320    i.HAL_DMA_Init      stm32f1xx_hal_dma.o
    0x080012f4   0x080012f4   0x00000070   Code   RO         3324    i.HAL_DMA_Start_IT  stm32f1xx_hal_dma.o
    0x08001364   0x08001364   0x00000024   Code   RO         2957    i.HAL_Delay         stm32f1xx_hal.o
    0x08001388   0x08001388   0x000001bc   Code   RO         3250    i.HAL_GPIO_Init     stm32f1xx_hal_gpio.o
    0x08001544   0x08001544   0x0000000a   Code   RO         3254    i.HAL_GPIO_WritePin  stm32f1xx_hal_gpio.o
    0x0800154e   0x0800154e   0x00000002   PAD
    0x08001550   0x08001550   0x0000000c   Code   RO         2961    i.HAL_GetTick       stm32f1xx_hal.o
    0x0800155c   0x0800155c   0x00000010   Code   RO         2965    i.HAL_IncTick       stm32f1xx_hal.o
    0x0800156c   0x0800156c   0x00000024   Code   RO         2966    i.HAL_Init          stm32f1xx_hal.o
    0x08001590   0x08001590   0x00000074   Code   RO         1061    i.HAL_InitTick      stm32f1xx_hal_timebase_tim.o
    0x08001604   0x08001604   0x00000090   Code   RO         1037    i.HAL_MspInit       stm32f1xx_hal_msp.o
    0x08001694   0x08001694   0x00000016   Code   RO         3410    i.HAL_NVIC_EnableIRQ  stm32f1xx_hal_cortex.o
    0x080016aa   0x080016aa   0x00000002   PAD
    0x080016ac   0x080016ac   0x00000040   Code   RO         3416    i.HAL_NVIC_SetPriority  stm32f1xx_hal_cortex.o
    0x080016ec   0x080016ec   0x00000024   Code   RO         3417    i.HAL_NVIC_SetPriorityGrouping  stm32f1xx_hal_cortex.o
    0x08001710   0x08001710   0x000000ec   Code   RO         3213    i.HAL_RCCEx_PeriphCLKConfig  stm32f1xx_hal_rcc_ex.o
    0x080017fc   0x080017fc   0x00000154   Code   RO         3110    i.HAL_RCC_ClockConfig  stm32f1xx_hal_rcc.o
    0x08001950   0x08001950   0x00000040   Code   RO         3114    i.HAL_RCC_GetClockConfig  stm32f1xx_hal_rcc.o
    0x08001990   0x08001990   0x0000000c   Code   RO         3115    i.HAL_RCC_GetHCLKFreq  stm32f1xx_hal_rcc.o
    0x0800199c   0x0800199c   0x00000020   Code   RO         3117    i.HAL_RCC_GetPCLK1Freq  stm32f1xx_hal_rcc.o
    0x080019bc   0x080019bc   0x00000020   Code   RO         3118    i.HAL_RCC_GetPCLK2Freq  stm32f1xx_hal_rcc.o
    0x080019dc   0x080019dc   0x0000006c   Code   RO         3119    i.HAL_RCC_GetSysClockFreq  stm32f1xx_hal_rcc.o
    0x08001a48   0x08001a48   0x00000304   Code   RO         3122    i.HAL_RCC_OscConfig  stm32f1xx_hal_rcc.o
    0x08001d4c   0x08001d4c   0x00000082   Code   RO         1736    i.HAL_SPI_Init      stm32f1xx_hal_spi_ex.o
    0x08001dce   0x08001dce   0x00000002   PAD
    0x08001dd0   0x08001dd0   0x00000068   Code   RO          705    i.HAL_SPI_MspInit   spi.o
    0x08001e38   0x08001e38   0x000001d8   Code   RO         1433    i.HAL_SPI_TransmitReceive  stm32f1xx_hal_spi.o
    0x08002010   0x08002010   0x00000018   Code   RO         3419    i.HAL_SYSTICK_CLKSourceConfig  stm32f1xx_hal_cortex.o
    0x08002028   0x08002028   0x00000028   Code   RO         3421    i.HAL_SYSTICK_Config  stm32f1xx_hal_cortex.o
    0x08002050   0x08002050   0x00000002   Code   RO         2391    i.HAL_TIMEx_BreakCallback  stm32f1xx_hal_tim_ex.o
    0x08002052   0x08002052   0x00000002   Code   RO         2392    i.HAL_TIMEx_CommutationCallback  stm32f1xx_hal_tim_ex.o
    0x08002054   0x08002054   0x00000050   Code   RO         2408    i.HAL_TIMEx_MasterConfigSynchronization  stm32f1xx_hal_tim_ex.o
    0x080020a4   0x080020a4   0x00000036   Code   RO         1762    i.HAL_TIM_Base_Init  stm32f1xx_hal_tim.o
    0x080020da   0x080020da   0x00000002   PAD
    0x080020dc   0x080020dc   0x0000003c   Code   RO          759    i.HAL_TIM_Base_MspInit  tim.o
    0x08002118   0x08002118   0x0000001a   Code   RO         1765    i.HAL_TIM_Base_Start  stm32f1xx_hal_tim.o
    0x08002132   0x08002132   0x00000018   Code   RO         1767    i.HAL_TIM_Base_Start_IT  stm32f1xx_hal_tim.o
    0x0800214a   0x0800214a   0x000000f2   Code   RO         1771    i.HAL_TIM_ConfigClockSource  stm32f1xx_hal_tim.o
    0x0800223c   0x0800223c   0x00000002   Code   RO         1791    i.HAL_TIM_IC_CaptureCallback  stm32f1xx_hal_tim.o
    0x0800223e   0x0800223e   0x00000166   Code   RO         1804    i.HAL_TIM_IRQHandler  stm32f1xx_hal_tim.o
    0x080023a4   0x080023a4   0x0000003c   Code   RO          760    i.HAL_TIM_MspPostInit  tim.o
    0x080023e0   0x080023e0   0x00000002   Code   RO         1807    i.HAL_TIM_OC_DelayElapsedCallback  stm32f1xx_hal_tim.o
    0x080023e2   0x080023e2   0x000000d0   Code   RO         1828    i.HAL_TIM_PWM_ConfigChannel  stm32f1xx_hal_tim.o
    0x080024b2   0x080024b2   0x00000036   Code   RO         1831    i.HAL_TIM_PWM_Init  stm32f1xx_hal_tim.o
    0x080024e8   0x080024e8   0x00000028   Code   RO          762    i.HAL_TIM_PWM_MspInit  tim.o
    0x08002510   0x08002510   0x00000002   Code   RO         1834    i.HAL_TIM_PWM_PulseFinishedCallback  stm32f1xx_hal_tim.o
    0x08002512   0x08002512   0x00000002   PAD
    0x08002514   0x08002514   0x00000014   Code   RO          430    i.HAL_TIM_PeriodElapsedCallback  main.o
    0x08002528   0x08002528   0x00000002   Code   RO         1845    i.HAL_TIM_TriggerCallback  stm32f1xx_hal_tim.o
    0x0800252a   0x0800252a   0x00000058   Code   RO         2643    i.HAL_UART_DMAStop  stm32f1xx_hal_uart.o
    0x08002582   0x08002582   0x00000002   Code   RO         2645    i.HAL_UART_ErrorCallback  stm32f1xx_hal_uart.o
    0x08002584   0x08002584   0x00000110   Code   RO         2648    i.HAL_UART_IRQHandler  stm32f1xx_hal_uart.o
    0x08002694   0x08002694   0x00000062   Code   RO         2649    i.HAL_UART_Init     stm32f1xx_hal_uart.o
    0x080026f6   0x080026f6   0x00000002   PAD
    0x080026f8   0x080026f8   0x0000018c   Code   RO          843    i.HAL_UART_MspInit  usart.o
    0x08002884   0x08002884   0x00000098   Code   RO         2653    i.HAL_UART_Receive_DMA  stm32f1xx_hal_uart.o
    0x0800291c   0x0800291c   0x00000002   Code   RO         2655    i.HAL_UART_RxCpltCallback  stm32f1xx_hal_uart.o
    0x0800291e   0x0800291e   0x00000002   Code   RO         2656    i.HAL_UART_RxHalfCpltCallback  stm32f1xx_hal_uart.o
    0x08002920   0x08002920   0x00000080   Code   RO         2658    i.HAL_UART_Transmit_DMA  stm32f1xx_hal_uart.o
    0x080029a0   0x080029a0   0x00000002   Code   RO         2660    i.HAL_UART_TxCpltCallback  stm32f1xx_hal_uart.o
    0x080029a2   0x080029a2   0x00000002   Code   RO         2661    i.HAL_UART_TxHalfCpltCallback  stm32f1xx_hal_uart.o
    0x080029a4   0x080029a4   0x00000002   Code   RO          932    i.HardFault_Handler  stm32f1xx_it.o
    0x080029a6   0x080029a6   0x00000002   PAD
    0x080029a8   0x080029a8   0x00000422   Code   RO          196    i.IMUupdate         imu.o
    0x08002dca   0x08002dca   0x00000002   PAD
    0x08002dcc   0x08002dcc   0x00000038   Code   RO          197    i.IMUupdate_2       imu.o
    0x08002e04   0x08002e04   0x00000078   Code   RO           14    i.MPU6500_Get_Raw_Data  mpu6500.o
    0x08002e7c   0x08002e7c   0x0000015c   Code   RO           15    i.MPU6500_Gyro_Cal_Update  mpu6500.o
    0x08002fd8   0x08002fd8   0x00000092   Code   RO           16    i.MPU6500_Init      mpu6500.o
    0x0800306a   0x0800306a   0x00000002   PAD
    0x0800306c   0x0800306c   0x00000038   Code   RO           17    i.MPU6500_Read_Byte_SPI  mpu6500.o
    0x080030a4   0x080030a4   0x00000038   Code   RO           18    i.MPU6500_Write_Byte_SPI  mpu6500.o
    0x080030dc   0x080030dc   0x00000064   Code   RO          553    i.MX_ADC1_Init      adc.o
    0x08003140   0x08003140   0x0000006c   Code   RO          593    i.MX_DMA_Init       dma.o
    0x080031ac   0x080031ac   0x000000b8   Code   RO          617    i.MX_FREERTOS_Init  freertos.o
    0x08003264   0x08003264   0x00000068   Code   RO          527    i.MX_GPIO_Init      gpio.o
    0x080032cc   0x080032cc   0x00000060   Code   RO          706    i.MX_SPI1_Init      spi.o
    0x0800332c   0x0800332c   0x0000007c   Code   RO          763    i.MX_TIM2_Init      tim.o
    0x080033a8   0x080033a8   0x000000c4   Code   RO          764    i.MX_TIM3_Init      tim.o
    0x0800346c   0x0800346c   0x0000007c   Code   RO          765    i.MX_TIM4_Init      tim.o
    0x080034e8   0x080034e8   0x00000050   Code   RO          844    i.MX_USART1_UART_Init  usart.o
    0x08003538   0x08003538   0x00000050   Code   RO          845    i.MX_USART2_UART_Init  usart.o
    0x08003588   0x08003588   0x00000002   Code   RO          933    i.MemManage_Handler  stm32f1xx_it.o
    0x0800358a   0x0800358a   0x00000002   Code   RO          934    i.NMI_Handler       stm32f1xx_it.o
    0x0800358c   0x0800358c   0x00000020   Code   RO         3423    i.NVIC_SetPriority  stm32f1xx_hal_cortex.o
    0x080035ac   0x080035ac   0x00000064   Code   RO          242    i.Remote_Data       rf.o
    0x08003610   0x08003610   0x00000020   Code   RO          707    i.SPI1_ReadWrite_Byte  spi.o
    0x08003630   0x08003630   0x00000038   Code   RO          743    i.SPI1_ReadWrite_nByte  spi.o
    0x08003668   0x08003668   0x00000020   Code   RO         1448    i.SPI_CheckFlag_BSY  stm32f1xx_hal_spi.o
    0x08003688   0x08003688   0x00000096   Code   RO         1467    i.SPI_WaitFlagStateUntilTimeout  stm32f1xx_hal_spi.o
    0x0800371e   0x0800371e   0x00000002   PAD
    0x08003720   0x08003720   0x000000d8   Code   RO           19    i.Sensors_Acc_Gyro_Update  mpu6500.o
    0x080037f8   0x080037f8   0x00000020   Code   RO           20    i.Sensors_Acc_Gyro_Update_2  mpu6500.o
    0x08003818   0x08003818   0x00000008   Code   RO          618    i.StartDefaultTask  freertos.o
    0x08003820   0x08003820   0x00000008   Code   RO          766    i.Start_timing      tim.o
    0x08003828   0x08003828   0x0000001c   Code   RO          767    i.Stop_timing       tim.o
    0x08003844   0x08003844   0x00000004   Code   RO          935    i.SysTick_Handler   stm32f1xx_it.o
    0x08003848   0x08003848   0x0000007a   Code   RO          431    i.SystemClock_Config  main.o
    0x080038c2   0x080038c2   0x00000002   PAD
    0x080038c4   0x080038c4   0x00000048   Code   RO         3839    i.SystemInit        system_stm32f1xx.o
    0x0800390c   0x0800390c   0x0000000c   Code   RO          936    i.TIM1_UP_IRQHandler  stm32f1xx_it.o
    0x08003918   0x08003918   0x0000006c   Code   RO         1846    i.TIM_Base_SetConfig  stm32f1xx_hal_tim.o
    0x08003984   0x08003984   0x00000014   Code   RO         1853    i.TIM_ETR_SetConfig  stm32f1xx_hal_tim.o
    0x08003998   0x08003998   0x00000010   Code   RO         1854    i.TIM_ITRx_SetConfig  stm32f1xx_hal_tim.o
    0x080039a8   0x080039a8   0x00000050   Code   RO         1855    i.TIM_OC1_SetConfig  stm32f1xx_hal_tim.o
    0x080039f8   0x080039f8   0x00000058   Code   RO         1856    i.TIM_OC2_SetConfig  stm32f1xx_hal_tim.o
    0x08003a50   0x08003a50   0x00000058   Code   RO         1857    i.TIM_OC3_SetConfig  stm32f1xx_hal_tim.o
    0x08003aa8   0x08003aa8   0x00000044   Code   RO         1858    i.TIM_OC4_SetConfig  stm32f1xx_hal_tim.o
    0x08003aec   0x08003aec   0x00000022   Code   RO         1860    i.TIM_TI1_ConfigInputStage  stm32f1xx_hal_tim.o
    0x08003b0e   0x08003b0e   0x00000024   Code   RO         1862    i.TIM_TI2_ConfigInputStage  stm32f1xx_hal_tim.o
    0x08003b32   0x08003b32   0x00000010   Code   RO         2662    i.UART_DMAAbortOnError  stm32f1xx_hal_uart.o
    0x08003b42   0x08003b42   0x0000004a   Code   RO         2663    i.UART_DMAError     stm32f1xx_hal_uart.o
    0x08003b8c   0x08003b8c   0x0000003c   Code   RO         2664    i.UART_DMAReceiveCplt  stm32f1xx_hal_uart.o
    0x08003bc8   0x08003bc8   0x0000000a   Code   RO         2666    i.UART_DMARxHalfCplt  stm32f1xx_hal_uart.o
    0x08003bd2   0x08003bd2   0x0000002e   Code   RO         2668    i.UART_DMATransmitCplt  stm32f1xx_hal_uart.o
    0x08003c00   0x08003c00   0x0000000a   Code   RO         2670    i.UART_DMATxHalfCplt  stm32f1xx_hal_uart.o
    0x08003c0a   0x08003c0a   0x0000001c   Code   RO         2672    i.UART_EndRxTransfer  stm32f1xx_hal_uart.o
    0x08003c26   0x08003c26   0x00000012   Code   RO         2673    i.UART_EndTxTransfer  stm32f1xx_hal_uart.o
    0x08003c38   0x08003c38   0x00000096   Code   RO         2674    i.UART_Receive_IT   stm32f1xx_hal_uart.o
    0x08003cce   0x08003cce   0x00000002   PAD
    0x08003cd0   0x08003cd0   0x00000170   Code   RO         2675    i.UART_SetConfig    stm32f1xx_hal_uart.o
    0x08003e40   0x08003e40   0x00000062   Code   RO         2676    i.UART_Transmit_IT  stm32f1xx_hal_uart.o
    0x08003ea2   0x08003ea2   0x00000044   Code   RO          846    i.UARTx_Receive_IDLE  usart.o
    0x08003ee6   0x08003ee6   0x00000002   PAD
    0x08003ee8   0x08003ee8   0x0000000c   Code   RO          937    i.USART1_IRQHandler  stm32f1xx_it.o
    0x08003ef4   0x08003ef4   0x00000048   Code   RO          938    i.USART2_IRQHandler  stm32f1xx_it.o
    0x08003f3c   0x08003f3c   0x00000030   Code   RO          847    i.USART2_Init       usart.o
    0x08003f6c   0x08003f6c   0x00000038   Code   RO          848    i.USART_Rx_Decode   usart.o
    0x08003fa4   0x08003fa4   0x00000036   Code   RO          849    i.USARTx_DMA_SendData  usart.o
    0x08003fda   0x08003fda   0x00000002   PAD
    0x08003fdc   0x08003fdc   0x00000020   Code   RO          850    i.USARTx_DMA_Send_TC  usart.o
    0x08003ffc   0x08003ffc   0x00000002   Code   RO          939    i.UsageFault_Handler  stm32f1xx_it.o
    0x08003ffe   0x08003ffe   0x00000002   Code   RO          432    i._Error_Handler    main.o
    0x08004000   0x08004000   0x00000026   Code   RO         4997    i.__ARM_fpclassifyf  m_ws.l(fpclassifyf.o)
    0x08004026   0x08004026   0x00000006   Code   RO         5000    i.__mathlib_flt_infnan  m_ws.l(funder.o)
    0x0800402c   0x0800402c   0x00000004   Code   RO         5001    i.__mathlib_flt_infnan2  m_ws.l(funder.o)
    0x08004030   0x08004030   0x00000008   Code   RO         5002    i.__mathlib_flt_invalid  m_ws.l(funder.o)
    0x08004038   0x08004038   0x0000000a   Code   RO         5005    i.__mathlib_flt_underflow  m_ws.l(funder.o)
    0x08004042   0x08004042   0x0000000e   Code   RO         5055    i.__scatterload_copy  mc_w.l(handlers.o)
    0x08004050   0x08004050   0x00000002   Code   RO         5056    i.__scatterload_null  mc_w.l(handlers.o)
    0x08004052   0x08004052   0x0000000e   Code   RO         5057    i.__scatterload_zeroinit  mc_w.l(handlers.o)
    0x08004060   0x08004060   0x0000000c   Code   RO         5039    i.__set_errno       mc_w.l(errno.o)
    0x0800406c   0x0800406c   0x00000124   Code   RO         4955    i.asinf             m_ws.l(asinf.o)
    0x08004190   0x08004190   0x0000025c   Code   RO         4963    i.atan2f            m_ws.l(atan2f.o)
    0x080043ec   0x080043ec   0x0000000c   Code   RO         4579    i.inHandlerMode     cmsis_os.o
    0x080043f8   0x080043f8   0x0000003c   Code   RO          198    i.invSqrt           imu.o
    0x08004434   0x08004434   0x00000054   Code   RO          433    i.main              main.o
    0x08004488   0x08004488   0x0000000c   Code   RO         4581    i.makeFreeRtosPriority  cmsis_os.o
    0x08004494   0x08004494   0x0000000e   Code   RO         4583    i.osDelay           cmsis_os.o
    0x080044a2   0x080044a2   0x0000000a   Code   RO         4586    i.osKernelStart     cmsis_os.o
    0x080044ac   0x080044ac   0x00000014   Code   RO         4619    i.osSystickHandler  cmsis_os.o
    0x080044c0   0x080044c0   0x0000002e   Code   RO         4620    i.osThreadCreate    cmsis_os.o
    0x080044ee   0x080044ee   0x00000002   PAD
    0x080044f0   0x080044f0   0x00000034   Code   RO         4624    i.osThreadResume    cmsis_os.o
    0x08004524   0x08004524   0x0000000a   Code   RO         4627    i.osThreadSuspend   cmsis_os.o
    0x0800452e   0x0800452e   0x00000002   PAD
    0x08004530   0x08004530   0x00000070   Code   RO         4286    i.prvAddCurrentTaskToDelayedList  tasks.o
    0x080045a0   0x080045a0   0x000000d0   Code   RO         4287    i.prvAddNewTaskToReadyList  tasks.o
    0x08004670   0x08004670   0x00000050   Code   RO         4288    i.prvCheckTasksWaitingTermination  tasks.o
    0x080046c0   0x080046c0   0x00000014   Code   RO         4289    i.prvDeleteTCB      tasks.o
    0x080046d4   0x080046d4   0x00000048   Code   RO         3873    i.prvHeapInit       heap_4.o
    0x0800471c   0x0800471c   0x00000028   Code   RO         4290    i.prvIdleTask       tasks.o
    0x08004744   0x08004744   0x0000008e   Code   RO         4291    i.prvInitialiseNewTask  tasks.o
    0x080047d2   0x080047d2   0x00000002   PAD
    0x080047d4   0x080047d4   0x0000004c   Code   RO         3874    i.prvInsertBlockIntoFreeList  heap_4.o
    0x08004820   0x08004820   0x00000020   Code   RO         4292    i.prvResetNextTaskUnblockTime  tasks.o
    0x08004840   0x08004840   0x00000028   Code   RO         3944    i.prvTaskExitError  port.o
    0x08004868   0x08004868   0x00000034   Code   RO         4293    i.prvTaskIsTaskSuspended  tasks.o
    0x0800489c   0x0800489c   0x000000d8   Code   RO         3875    i.pvPortMalloc      heap_4.o
    0x08004974   0x08004974   0x00000024   Code   RO         3945    i.pxPortInitialiseStack  port.o
    0x08004998   0x08004998   0x0000002c   Code   RO         5014    i.sqrtf             m_ws.l(sqrtf.o)
    0x080049c4   0x080049c4   0x00000040   Code   RO          619    i.stabilizerTask    freertos.o
    0x08004a04   0x08004a04   0x00000008   Code   RO          620    i.usart1RxTask      freertos.o
    0x08004a0c   0x08004a0c   0x00000008   Code   RO          621    i.usart1TxTask      freertos.o
    0x08004a14   0x08004a14   0x00000020   Code   RO          622    i.usart2RxTask      freertos.o
    0x08004a34   0x08004a34   0x0000000c   Code   RO          623    i.usart2TxTask      freertos.o
    0x08004a40   0x08004a40   0x00000024   Code   RO         4109    i.uxListRemove      list.o
    0x08004a64   0x08004a64   0x00000016   Code   RO         4110    i.vListInitialise   list.o
    0x08004a7a   0x08004a7a   0x00000006   Code   RO         4111    i.vListInitialiseItem  list.o
    0x08004a80   0x08004a80   0x00000030   Code   RO         4112    i.vListInsert       list.o
    0x08004ab0   0x08004ab0   0x00000018   Code   RO         4113    i.vListInsertEnd    list.o
    0x08004ac8   0x08004ac8   0x00000040   Code   RO         3947    i.vPortEnterCritical  port.o
    0x08004b08   0x08004b08   0x00000028   Code   RO         3948    i.vPortExitCritical  port.o
    0x08004b30   0x08004b30   0x0000005c   Code   RO         3876    i.vPortFree         heap_4.o
    0x08004b8c   0x08004b8c   0x00000020   Code   RO         3949    i.vPortSetupTimerInterrupt  port.o
    0x08004bac   0x08004bac   0x00000054   Code   RO         3950    i.vPortValidateInterruptPriority  port.o
    0x08004c00   0x08004c00   0x0000004c   Code   RO         4300    i.vTaskDelay        tasks.o
    0x08004c4c   0x08004c4c   0x0000008c   Code   RO         4301    i.vTaskDelayUntil   tasks.o
    0x08004cd8   0x08004cd8   0x0000007c   Code   RO         4310    i.vTaskResume       tasks.o
    0x08004d54   0x08004d54   0x00000068   Code   RO         4312    i.vTaskStartScheduler  tasks.o
    0x08004dbc   0x08004dbc   0x000000b0   Code   RO         4313    i.vTaskSuspend      tasks.o
    0x08004e6c   0x08004e6c   0x00000010   Code   RO         4314    i.vTaskSuspendAll   tasks.o
    0x08004e7c   0x08004e7c   0x0000005c   Code   RO         4315    i.vTaskSwitchContext  tasks.o
    0x08004ed8   0x08004ed8   0x00000074   Code   RO         3951    i.xPortStartScheduler  port.o
    0x08004f4c   0x08004f4c   0x0000002c   Code   RO         3952    i.xPortSysTickHandler  port.o
    0x08004f78   0x08004f78   0x00000056   Code   RO         4317    i.xTaskCreate       tasks.o
    0x08004fce   0x08004fce   0x00000002   PAD
    0x08004fd0   0x08004fd0   0x0000001c   Code   RO         4321    i.xTaskGetSchedulerState  tasks.o
    0x08004fec   0x08004fec   0x0000000c   Code   RO         4322    i.xTaskGetTickCount  tasks.o
    0x08004ff8   0x08004ff8   0x000000c8   Code   RO         4324    i.xTaskIncrementTick  tasks.o
    0x080050c0   0x080050c0   0x000000c4   Code   RO         4330    i.xTaskResumeAll    tasks.o
    0x08005184   0x08005184   0x00000088   Code   RO         4331    i.xTaskResumeFromISR  tasks.o
    0x0800520c   0x0800520c   0x00000078   Data   RO          624    .constdata          freertos.o
    0x08005284   0x08005284   0x00000010   Data   RO         3840    .constdata          system_stm32f1xx.o
    0x08005294   0x08005294   0x00000008   Data   RO         3841    .constdata          system_stm32f1xx.o
    0x0800529c   0x0800529c   0x00000048   Data   RO          625    .conststring        freertos.o
    0x080052e4   0x080052e4   0x00000020   Data   RO         5053    Region$$Table       anon$$obj.o


    Execution Region RW_IRAM1 (Exec base: 0x20000000, Load base: 0x08005304, Size: 0x00003310, Max: 0x00005000, ABSOLUTE)

    Exec Addr    Load Addr    Size         Type   Attr      Idx    E Section Name        Object

    0x20000000   0x08005304   0x00000008   Data   RW           22    .data               mpu6500.o
    0x20000008   0x0800530c   0x00000074   Data   RW          199    .data               imu.o
    0x2000007c   0x08005380   0x00000006   Data   RW          348    .data               ano_tech_v4.o
    0x20000082   0x08005386   0x00000002   PAD
    0x20000084   0x08005388   0x0000001c   Data   RW          626    .data               freertos.o
    0x200000a0   0x080053a4   0x0000000c   Data   RW         2973    .data               stm32f1xx_hal.o
    0x200000ac   0x080053b0   0x00000004   Data   RW         3842    .data               system_stm32f1xx.o
    0x200000b0   0x080053b4   0x00000018   Data   RW         3881    .data               heap_4.o
    0x200000c8   0x080053cc   0x0000000c   Data   RW         3953    .data               port.o
    0x200000d4   0x080053d8   0x0000003c   Data   RW         4333    .data               tasks.o
    0x20000110   0x08005414   0x00000004   Data   RW         5040    .data               mc_w.l(errno.o)
    0x20000114   0x08005418   0x00000004   PAD
    0x20000118        -       0x000000c0   Zero   RW           21    .bss                mpu6500.o
    0x200001d8        -       0x0000000a   Zero   RW          243    .bss                rf.o
    0x200001e2   0x08005418   0x00000002   PAD
    0x200001e4        -       0x00000068   Zero   RW          277    .bss                pid.o
    0x2000024c        -       0x00000068   Zero   RW          278    .bss                pid.o
    0x200002b4        -       0x00000068   Zero   RW          279    .bss                pid.o
    0x2000031c        -       0x0000003f   Zero   RW          347    .bss                ano_tech_v4.o
    0x2000035b   0x08005418   0x00000001   PAD
    0x2000035c        -       0x00000074   Zero   RW          554    .bss                adc.o
    0x200003d0        -       0x00000058   Zero   RW          708    .bss                spi.o
    0x20000428        -       0x000000c0   Zero   RW          768    .bss                tim.o
    0x200004e8        -       0x00000048   Zero   RW          851    .bss                usart.o
    0x20000530        -       0x000001d8   Zero   RW          852    .bss                usart.o
    0x20000708        -       0x00000040   Zero   RW         1064    .bss                stm32f1xx_hal_timebase_tim.o
    0x20000748        -       0x00002710   Zero   RW         3880    .bss                heap_4.o
    0x20002e58        -       0x000000b4   Zero   RW         4332    .bss                tasks.o
    0x20002f0c   0x08005418   0x00000004   PAD
    0x20002f10        -       0x00000400   Zero   RW            1    STACK               startup_stm32f103xb.o


==============================================================================

Image component sizes


      Code (inc. data)   RO Data    RW Data    ZI Data      Debug   Object Name

       244         72          0          0        116       1655   adc.o
      1784         86          0          6         63       8947   ano_tech_v4.o
       176          6          0          0          0      16319   cmsis_os.o
       108          4          0          0          0        766   dma.o
         0          0          0          0          0       8056   event_groups.o
       316         38        192         28          0       4579   freertos.o
       104         10          0          0          0        875   gpio.o
       456         22          0         24      10000       8631   heap_4.o
      1174         38          0        116          0       4688   imu.o
       136          0          0          0          0       3322   list.o
       228         16          0          0          0      23193   main.o
      1038         52          0          8        192     460075   mpu6500.o
         0          0          0          0        312       2435   pid.o
       606         72          0         12          0      10885   port.o
       100         10          0          0         10       2865   rf.o
       288         56          0          0         88       2854   spi.o
        36          8        236          0       1024        792   startup_stm32f103xb.o
       100         18          0         12          0       3110   stm32f1xx_hal.o
       612         24          0          0          0       3240   stm32f1xx_hal_adc.o
       218         14          0          0          0      26261   stm32f1xx_hal_cortex.o
       794         36          0          0          0       4822   stm32f1xx_hal_dma.o
       454         36          0          0          0       2848   stm32f1xx_hal_gpio.o
       144         10          0          0          0        906   stm32f1xx_hal_msp.o
      1360        114          0          0          0       6169   stm32f1xx_hal_rcc.o
       236         12          0          0          0       1360   stm32f1xx_hal_rcc_ex.o
       654          0          0          0          0       3566   stm32f1xx_hal_spi.o
       130          0          0          0          0       1039   stm32f1xx_hal_spi_ex.o
      1512         34          0          0          0      14031   stm32f1xx_hal_tim.o
        84          0          0          0          0       2282   stm32f1xx_hal_tim_ex.o
       116         18          0          0         64       1436   stm32f1xx_hal_timebase_tim.o
      1626         38          0          0          0      13577   stm32f1xx_hal_uart.o
       192         62          0          0          0       6495   stm32f1xx_it.o
        72         16         24          4          0       1147   system_stm32f1xx.o
      2072        174          0         60        180      20551   tasks.o
       640        122          0          0        192       4873   tim.o
       814        110          0          0        544       8028   usart.o

    ----------------------------------------------------------------------
     18664       1328        484        272      12792     686678   Object Totals
         0          0         32          0          0          0   (incl. Generated)
        40          0          0          2          7          0   (incl. Padding)

    ----------------------------------------------------------------------

      Code (inc. data)   RO Data    RW Data    ZI Data      Debug   Library Member Name

       292         38          0          0          0        120   asinf.o
       604         76          0          0          0        116   atan2f.o
        38          0          0          0          0         68   fpclassifyf.o
        28          0          0          0          0        272   funder.o
        44          0          0          0          0         80   sqrtf.o
         0          0          0          0          0          0   entry.o
         0          0          0          0          0          0   entry10a.o
         0          0          0          0          0          0   entry11a.o
         8          4          0          0          0          0   entry2.o
         4          0          0          0          0          0   entry5.o
         0          0          0          0          0          0   entry7b.o
         0          0          0          0          0          0   entry8b.o
         8          4          0          0          0          0   entry9a.o
        12          6          0          4          0         68   errno.o
        30          0          0          0          0          0   handlers.o
        36          8          0          0          0         68   init.o
         0          0          0          0          0          0   iusefp.o
        98          0          0          0          0         84   ldiv.o
        30          0          0          0          0         68   llshl.o
        32          0          0          0          0         68   llushr.o
        36          0          0          0          0         68   memcpya.o
        98          0          0          0          0         92   uldiv.o
       176          0          0          0          0        140   fadd.o
       124          0          0          0          0         88   fdiv.o
       110          0          0          0          0        168   fepilogue.o
        50          0          0          0          0         68   ffixi.o
        18          0          0          0          0         68   fflti.o
        10          0          0          0          0         68   ffltui.o
       100          0          0          0          0         76   fmul.o
        24          0          0          0          0         68   fscalb.o
        94          0          0          0          0         96   fsqrt.o

    ----------------------------------------------------------------------
      2104        136          0          4          4       2012   Library Totals
         0          0          0          0          4          0   (incl. Padding)

    ----------------------------------------------------------------------

      Code (inc. data)   RO Data    RW Data    ZI Data      Debug   Library Name

      1006        114          0          0          0        656   m_ws.l
       392         22          0          4          0        516   mc_w.l
       706          0          0          0          0        840   mf_w.l

    ----------------------------------------------------------------------
      2104        136          0          4          4       2012   Library Totals

    ----------------------------------------------------------------------

==============================================================================


      Code (inc. data)   RO Data    RW Data    ZI Data      Debug   

     20768       1464        484        276      12796     677662   Grand Totals
     20768       1464        484        276      12796     677662   ELF Image Totals
     20768       1464        484        276          0          0   ROM Totals

==============================================================================

    Total RO  Size (Code + RO Data)                21252 (  20.75kB)
    Total RW  Size (RW Data + ZI Data)             13072 (  12.77kB)
    Total ROM Size (Code + RO Data + RW Data)      21528 (  21.02kB)

==============================================================================

